Archive member included to satisfy reference by file (symbol)

app/libapp.a(main.c.obj)      (--whole-archive)
app/libapp.a(flash_map_extended.c.obj)
                              (--whole-archive)
app/libapp.a(os.c.obj)        (--whole-archive)
app/libapp.a(keys.c.obj)      (--whole-archive)
app/libapp.a(image_validate.c.obj)
                              (--whole-archive)
app/libapp.a(tlv.c.obj)       (--whole-archive)
app/libapp.a(encrypted.c.obj)
                              (--whole-archive)
app/libapp.a(image_rsa.c.obj)
                              (--whole-archive)
app/libapp.a(image_ecdsa.c.obj)
                              (--whole-archive)
app/libapp.a(image_ed25519.c.obj)
                              (--whole-archive)
app/libapp.a(bootutil_misc.c.obj)
                              (--whole-archive)
app/libapp.a(fault_injection_hardening.c.obj)
                              (--whole-archive)
app/libapp.a(loader.c.obj)    (--whole-archive)
app/libapp.a(swap_misc.c.obj)
                              (--whole-archive)
app/libapp.a(swap_scratch.c.obj)
                              (--whole-archive)
app/libapp.a(swap_move.c.obj)
                              (--whole-archive)
app/libapp.a(caps.c.obj)      (--whole-archive)
app/libapp.a(asn1parse.c.obj)
                              (--whole-archive)
app/libapp.a(platform_util.c.obj)
                              (--whole-archive)
app/libapp.a(cc310_glue.c.obj)
                              (--whole-archive)
app/libapp.a(autogen-pubkey.c.obj)
                              (--whole-archive)
app/libapp.a(arm_cleanup.c.obj)
                              (--whole-archive)
app/libapp.a(nrf_cleanup.c.obj)
                              (--whole-archive)
zephyr/libzephyr.a(cbprintf_packaged.c.obj)
                              (--whole-archive)
zephyr/libzephyr.a(dec.c.obj)
                              (--whole-archive)
zephyr/libzephyr.a(fdtable.c.obj)
                              (--whole-archive)
zephyr/libzephyr.a(hex.c.obj)
                              (--whole-archive)
zephyr/libzephyr.a(printk.c.obj)
                              (--whole-archive)
zephyr/libzephyr.a(rb.c.obj)  (--whole-archive)
zephyr/libzephyr.a(sem.c.obj)
                              (--whole-archive)
zephyr/libzephyr.a(thread_entry.c.obj)
                              (--whole-archive)
zephyr/libzephyr.a(timeutil.c.obj)
                              (--whole-archive)
zephyr/libzephyr.a(heap.c.obj)
                              (--whole-archive)
zephyr/libzephyr.a(heap-validate.c.obj)
                              (--whole-archive)
zephyr/libzephyr.a(bitarray.c.obj)
                              (--whole-archive)
zephyr/libzephyr.a(multi_heap.c.obj)
                              (--whole-archive)
zephyr/libzephyr.a(onoff.c.obj)
                              (--whole-archive)
zephyr/libzephyr.a(notify.c.obj)
                              (--whole-archive)
zephyr/libzephyr.a(cbprintf_nano.c.obj)
                              (--whole-archive)
zephyr/libzephyr.a(cbprintf.c.obj)
                              (--whole-archive)
zephyr/libzephyr.a(assert.c.obj)
                              (--whole-archive)
zephyr/libzephyr.a(reboot.c.obj)
                              (--whole-archive)
zephyr/libzephyr.a(configs.c.obj)
                              (--whole-archive)
zephyr/libzephyr.a(soc_nrf_common.S.obj)
                              (--whole-archive)
zephyr/libzephyr.a(validate_base_addresses.c.obj)
                              (--whole-archive)
zephyr/libzephyr.a(validate_enabled_instances.c.obj)
                              (--whole-archive)
zephyr/libzephyr.a(log_minimal.c.obj)
                              (--whole-archive)
zephyr/libzephyr.a(flash_map.c.obj)
                              (--whole-archive)
zephyr/libzephyr.a(flash_map_layout.c.obj)
                              (--whole-archive)
zephyr/libzephyr.a(tracing_none.c.obj)
                              (--whole-archive)
zephyr/libzephyr.a(flash_map_partition_manager.c.obj)
                              (--whole-archive)
zephyr/libzephyr.a(nrf_cc3xx_platform_abort_zephyr.c.obj)
                              (--whole-archive)
zephyr/libzephyr.a(nrf_cc3xx_platform_mutex_zephyr.c.obj)
                              (--whole-archive)
zephyr/arch/common/libarch__common.a(sw_isr_common.c.obj)
                              (--whole-archive)
zephyr/arch/arch/arm/core/aarch32/libarch__arm__core__aarch32.a(cpu_idle.S.obj)
                              (--whole-archive)
zephyr/arch/arch/arm/core/aarch32/libarch__arm__core__aarch32.a(fatal.c.obj)
                              (--whole-archive)
zephyr/arch/arch/arm/core/aarch32/libarch__arm__core__aarch32.a(irq_manage.c.obj)
                              (--whole-archive)
zephyr/arch/arch/arm/core/aarch32/libarch__arm__core__aarch32.a(nmi.c.obj)
                              (--whole-archive)
zephyr/arch/arch/arm/core/aarch32/libarch__arm__core__aarch32.a(nmi_on_reset.S.obj)
[...]
Memory Configuration

Name             Origin             Length             Attributes
FLASH            0x0000000000000000 0x000000000000c000 xr
RAM              0x0000000020000000 0x0000000000040000 xw
IDT_LIST         0x00000000fffff7ff 0x0000000000000800 xw
*default*        0x0000000000000000 0xffffffffffffffff

Linker script and memory map

LOAD zephyr/CMakeFiles/zephyr_final.dir/misc/empty_file.c.obj
LOAD zephyr/CMakeFiles/zephyr_final.dir/isr_tables.c.obj
LOAD zephyr/CMakeFiles/offsets.dir/./arch/arm/core/offsets/offsets.c.obj
LOAD app/libapp.a
LOAD zephyr/libzephyr.a
LOAD zephyr/arch/common/libarch__common.a
LOAD zephyr/arch/arch/arm/core/aarch32/libarch__arm__core__aarch32.a
LOAD zephyr/arch/arch/arm/core/aarch32/cortex_m/libarch__arm__core__aarch32__cortex_m.a
LOAD zephyr/arch/arch/arm/core/aarch32/mpu/libarch__arm__core__aarch32__mpu.a
LOAD zephyr/lib/libc/minimal/liblib__libc__minimal.a
LOAD zephyr/lib/libc/common/liblib__libc__common.a
LOAD zephyr/soc/soc/arm/common/cortex_m/libsoc__arm__common__cortex_m.a
LOAD zephyr/soc/soc/arm/nordic_nrf/nrf52/libsoc__arm__nordic_nrf__nrf52.a
LOAD zephyr/drivers/clock_control/libdrivers__clock_control.a
LOAD zephyr/drivers/flash/libdrivers__flash.a
LOAD zephyr/drivers/gpio/libdrivers__gpio.a
LOAD zephyr/drivers/pinctrl/libdrivers__pinctrl.a
LOAD zephyr/drivers/spi/libdrivers__spi.a
LOAD zephyr/drivers/timer/libdrivers__timer.a
LOAD modules/nrf/lib/fprotect/lib..__nrf__lib__fprotect.a
LOAD modules/nrf/lib/fatal_error/lib..__nrf__lib__fatal_error.a
LOAD modules/nrf/drivers/hw_cc310/lib..__nrf__drivers__hw_cc310.a
LOAD modules/mcuboot/boot/bootutil/zephyr/libmcuboot_util.a
LOAD modules/hal_nordic/nrfx/libmodules__hal_nordic__nrfx.a
LOAD modules/segger/libmodules__segger.a
LOAD zephyr/kernel/libkernel.a
LOAD /home/frese/.local/opt/zephyr-sdk-0.16.1/arm-zephyr-eabi/bin/../lib/gcc/arm-zephyr-eabi/12.2.0/thumb/v7e-m+fp/hard/libgcc.a
LOAD zephyr/arch/common/libisr_tables.a
LOAD /home/frese/Documents/chester-app/nrfxlib/crypto/nrf_cc310_platform/lib/cortex-m4/hard-float/no-interrupts/libnrf_cc310_platform_0.9.18.a
LOAD /home/frese/Documents/chester-app/nrfxlib/crypto/nrf_cc310_bl/lib/cortex-m4/hard-float/no-interrupts/libnrf_cc310_bl_0.9.12.a
                0x0000000000000020                _region_min_align = 0x20

.rel.plt        0x0000000000000000        0x0
 *(SORT_BY_ALIGNMENT(.rel.plt))
                [!provide]                        PROVIDE (__rel_iplt_start = .)
 *(SORT_BY_ALIGNMENT(.rel.iplt))
 .rel.iplt      0x0000000000000000        0x0 zephyr/CMakeFiles/zephyr_final.dir/isr_tables.c.obj
                [!provide]                        PROVIDE (__rel_iplt_end = .)

.rela.plt       0x0000000000000000        0x0
 *(SORT_BY_ALIGNMENT(.rela.plt))
                [!provide]                        PROVIDE (__rela_iplt_start = .)
 *(SORT_BY_ALIGNMENT(.rela.iplt))
                [!provide]                        PROVIDE (__rela_iplt_end = .)

.rel.dyn
 *(SORT_BY_ALIGNMENT(.rel.*))

.rela.dyn
 *(SORT_BY_ALIGNMENT(.rela.*))

/DISCARD/
 *(SORT_BY_ALIGNMENT(.plt))

/DISCARD/
 *(SORT_BY_ALIGNMENT(.iplt))
                0x0000000000000000                __rom_region_start = 0x0

rom_start       0x0000000000000000      0x100
                0x0000000000000000                __rom_start_address = .
                0x0000000000000000                . = (. + (0x0 - (. - __rom_start_address)))
                0x0000000000000000                . = ALIGN (0x4)
                0x0000000000000000                . = ALIGN (0x80)
                0x0000000000000000                . = ALIGN (0x100)
                0x0000000000000000                _vector_start = .
 *(SORT_BY_ALIGNMENT(.exc_vector_table))
 *(SORT_BY_ALIGNMENT(.exc_vector_table.*))
 .exc_vector_table._vector_table_section
                0x0000000000000000       0x40 zephyr/arch/arch/arm/core/aarch32/cortex_m/libarch__arm__core__aarch32__cortex_m.a(vector_table.S.obj)
                0x0000000000000000                _vector_table
 *(SORT_BY_ALIGNMENT(.vectors))
                0x0000000000000100                _vector_end = .
                0x0000000000000040                . = ALIGN (0x4)
 *(SORT_BY_ALIGNMENT(.gnu.linkonce.irq_vector_table*))
 .gnu.linkonce.irq_vector_table
                0x0000000000000040       0xc0 zephyr/CMakeFiles/zephyr_final.dir/isr_tables.c.obj
                0x0000000000000040                _irq_vector_table
                0x0000000000000100                _vector_end = .

text            0x0000000000000100     0x8f08
                0x0000000000000100                __text_region_start = .
 *(SORT_BY_ALIGNMENT(.text))
 .text          0x0000000000000100       0x30 /home/frese/.local/opt/zephyr-sdk-0.16.1/arm-zephyr-eabi/bin/../lib/gcc/arm-zephyr-eabi/12.2.0/thumb/v7e-m+fp/hard/libgcc.a(_aeabi_uldivmod.o)
                0x0000000000000100                __aeabi_uldivmod
 .text          0x0000000000000130        0x4 /home/frese/.local/opt/zephyr-sdk-0.16.1/arm-zephyr-eabi/bin/../lib/gcc/arm-zephyr-eabi/12.2.0/thumb/v7e-m+fp/hard/libgcc.a(_dvmd_tls.o)
                0x0000000000000130                __aeabi_ldiv0
                0x0000000000000130                __aeabi_idiv0
 .text          0x0000000000000134      0x2a0 /home/frese/.local/opt/zephyr-sdk-0.16.1/arm-zephyr-eabi/bin/../lib/gcc/arm-zephyr-eabi/12.2.0/thumb/v7e-m+fp/hard/libgcc.a(_udivmoddi4.o)
                0x0000000000000134                __udivmoddi4
 *(SORT_BY_ALIGNMENT(.text.*))
 .text.main     0x00000000000003d4       0xe0 app/libapp.a(main.c.obj)
                0x00000000000003d4                main
 .text.flash_device_base
                0x00000000000004b4       0x20 app/libapp.a(flash_map_extended.c.obj)
                0x00000000000004b4                flash_device_base
 .text.flash_area_id_from_multi_image_slot
                0x00000000000004d4       0x24 app/libapp.a(flash_map_extended.c.obj)
                0x00000000000004d4                flash_area_id_from_multi_image_slot
 .text.bootutil_img_validate
                0x00000000000004f8      0x214 app/libapp.a(image_validate.c.obj)
                0x00000000000004f8                bootutil_img_validate
 .text.bootutil_verify_sig
                0x000000000000070c      0x100 app/libapp.a(image_ecdsa.c.obj)
                0x000000000000070c                bootutil_verify_sig
 .text.boot_status_entries
                0x000000000000080c       0x2c app/libapp.a(bootutil_misc.c.obj)
                0x000000000000080c                boot_status_entries
 .text.boot_find_status
                0x0000000000000838       0x48 app/libapp.a(bootutil_misc.c.obj)
                0x0000000000000838                boot_find_status
 .text.bootutil_max_image_size
                0x0000000000000880       0x2c app/libapp.a(bootutil_misc.c.obj)
                0x0000000000000880                bootutil_max_image_size
 .text.boot_validate_slot.isra.0
                0x00000000000008ac      0x100 app/libapp.a(loader.c.obj)
 .text.boot_swap_image.isra.0
                0x00000000000009ac       0x88 app/libapp.a(loader.c.obj)
 .text.boot_copy_region
                0x0000000000000a34       0x84 app/libapp.a(loader.c.obj)
                0x0000000000000a34                boot_copy_region
 .text.context_boot_go
                0x0000000000000ab8      0x268 app/libapp.a(loader.c.obj)
                0x0000000000000ab8                context_boot_go
 .text.boot_go  0x0000000000000d20       0x20 app/libapp.a(loader.c.obj)
                0x0000000000000d20                boot_go
 .text.swap_set_copy_done
                0x0000000000000d40       0x2c app/libapp.a(swap_misc.c.obj)
                0x0000000000000d40                swap_set_copy_done
 .text.swap_set_image_ok
                0x0000000000000d6c       0x44 app/libapp.a(swap_misc.c.obj)
                0x0000000000000d6c                swap_set_image_ok
 .text.boot_read_image_header
                0x0000000000000db0       0xcc app/libapp.a(swap_move.c.obj)
                0x0000000000000db0                boot_read_image_header
 .text.swap_read_status_bytes
                0x0000000000000e7c       0xc8 app/libapp.a(swap_move.c.obj)
                0x0000000000000e7c                swap_read_status_bytes
 .text.boot_slots_compatible
                0x0000000000000f44       0x6c app/libapp.a(swap_move.c.obj)
                0x0000000000000f44                boot_slots_compatible
 .text.swap_status_source
                0x0000000000000fb0       0xcc app/libapp.a(swap_move.c.obj)
                0x0000000000000fb0                swap_status_source
 .text.fixup_revert
                0x000000000000107c       0x98 app/libapp.a(swap_move.c.obj)
                0x000000000000107c                fixup_revert
 .text.swap_run
                0x0000000000001114      0x1f0 app/libapp.a(swap_move.c.obj)
                0x0000000000001114                swap_run
 .text.cc310_init
                0x0000000000001304       0x30 app/libapp.a(cc310_glue.c.obj)
                0x0000000000001304                cc310_init
 .text.cc310_ecdsa_verify_secp256r1
                0x0000000000001334       0x3c app/libapp.a(cc310_glue.c.obj)
                0x0000000000001334                cc310_ecdsa_verify_secp256r1
 .text.cleanup_arm_nvic
                0x0000000000001370       0x54 app/libapp.a(arm_cleanup.c.obj)
                0x0000000000001370                cleanup_arm_nvic
 .text.nrf_cleanup_peripheral
                0x00000000000013c4       0x60 app/libapp.a(nrf_cleanup.c.obj)
                0x00000000000013c4                nrf_cleanup_peripheral
 .text.char_out
                0x0000000000001424        0xc zephyr/libzephyr.a(printk.c.obj)
 .text.vprintk  0x0000000000001430       0x1c zephyr/libzephyr.a(printk.c.obj)
                0x0000000000001430                vprintk
 .text.process_event
                0x000000000000144c      0x21c zephyr/libzephyr.a(onoff.c.obj)
 .text.z_cbvprintf_impl
                0x0000000000001668      0x444 zephyr/libzephyr.a(cbprintf_nano.c.obj)
                0x0000000000001668                z_cbvprintf_impl
 .text.sys_reboot
                0x0000000000001aac       0x30 zephyr/libzephyr.a(reboot.c.obj)
                0x0000000000001aac                sys_reboot
 .text.z_arm_platform_init
                0x0000000000001adc        0x4 zephyr/libzephyr.a(soc_nrf_common.S.obj)
                0x0000000000001adc                z_arm_platform_init
 .text.flash_area_open
                0x0000000000001ae0       0x50 zephyr/libzephyr.a(flash_map.c.obj)
                0x0000000000001ae0                flash_area_open
 .text.flash_area_get_sectors
                0x0000000000001b30       0x60 zephyr/libzephyr.a(flash_map_layout.c.obj)
                0x0000000000001b30                flash_area_get_sectors
 .text.nrf_cc3xx_platform_abort_init
                0x0000000000001b90        0xc zephyr/libzephyr.a(nrf_cc3xx_platform_abort_zephyr.c.obj)
                0x0000000000001b90                nrf_cc3xx_platform_abort_init
 .text.mutex_free_platform
                0x0000000000001b9c       0x54 zephyr/libzephyr.a(nrf_cc3xx_platform_mutex_zephyr.c.obj)
 .text.mutex_lock_platform
                0x0000000000001bf0       0x60 zephyr/libzephyr.a(nrf_cc3xx_platform_mutex_zephyr.c.obj)
 .text.mutex_unlock_platform
                0x0000000000001c50       0x58 zephyr/libzephyr.a(nrf_cc3xx_platform_mutex_zephyr.c.obj)
 .text.mutex_init_platform
                0x0000000000001ca8       0x94 zephyr/libzephyr.a(nrf_cc3xx_platform_mutex_zephyr.c.obj)
 .text.nrf_cc3xx_platform_mutex_init
                0x0000000000001d3c       0x2c zephyr/libzephyr.a(nrf_cc3xx_platform_mutex_zephyr.c.obj)
                0x0000000000001d3c                nrf_cc3xx_platform_mutex_init
 .text.z_arm_cpu_idle_init
                0x0000000000001d68        0xc zephyr/arch/arch/arm/core/aarch32/libarch__arm__core__aarch32.a(cpu_idle.S.obj)
                0x0000000000001d68                z_arm_cpu_idle_init
 .text.arch_cpu_idle
                0x0000000000001d74       0x1c zephyr/arch/arch/arm/core/aarch32/libarch__arm__core__aarch32.a(cpu_idle.S.obj)
                0x0000000000001d74                arch_cpu_idle
 .text.arch_cpu_atomic_idle
                0x0000000000001d90       0x18 zephyr/arch/arch/arm/core/aarch32/libarch__arm__core__aarch32.a(cpu_idle.S.obj)
                0x0000000000001d90                arch_cpu_atomic_idle
 .text.arch_irq_enable
                0x0000000000001da8       0x1c zephyr/arch/arch/arm/core/aarch32/libarch__arm__core__aarch32.a(irq_manage.c.obj)
                0x0000000000001da8                arch_irq_enable
 .text.arch_irq_disable
                0x0000000000001dc4       0x28 zephyr/arch/arch/arm/core/aarch32/libarch__arm__core__aarch32.a(irq_manage.c.obj)
                0x0000000000001dc4                arch_irq_disable
 .text.arch_irq_is_enabled
                0x0000000000001dec       0x1c zephyr/arch/arch/arm/core/aarch32/libarch__arm__core__aarch32.a(irq_manage.c.obj)
                0x0000000000001dec                arch_irq_is_enabled
 .text.z_arm_irq_priority_set
                0x0000000000001e08       0x30 zephyr/arch/arch/arm/core/aarch32/libarch__arm__core__aarch32.a(irq_manage.c.obj)
                0x0000000000001e08                z_arm_irq_priority_set
 .text.z_SysNmiOnReset
                0x0000000000001e38        0x8 zephyr/arch/arch/arm/core/aarch32/libarch__arm__core__aarch32.a(nmi_on_reset.S.obj)
                0x0000000000001e38                z_SysNmiOnReset
 .text.z_arm_prep_c
                0x0000000000001e40       0x5c zephyr/arch/arch/arm/core/aarch32/libarch__arm__core__aarch32.a(prep_c.c.obj)
                0x0000000000001e40                z_arm_prep_c
 .text.arch_swap
                0x0000000000001e9c       0x34 zephyr/arch/arch/arm/core/aarch32/libarch__arm__core__aarch32.a(swap.c.obj)
                0x0000000000001e9c                arch_swap
 .text.z_arm_pendsv
                0x0000000000001ed0       0x90 zephyr/arch/arch/arm/core/aarch32/libarch__arm__core__aarch32.a(swap_helper.S.obj)
                0x0000000000001ed0                z_arm_pendsv
 .text.z_arm_svc
                0x0000000000001f60       0x20 zephyr/arch/arch/arm/core/aarch32/libarch__arm__core__aarch32.a(swap_helper.S.obj)
                0x0000000000001f60                z_arm_svc
 .text.arch_new_thread
                0x0000000000001f80       0x60 zephyr/arch/arch/arm/core/aarch32/libarch__arm__core__aarch32.a(thread.c.obj)
                0x0000000000001f80                arch_new_thread
 .text.z_arm_mpu_stack_guard_and_fpu_adjust
                0x0000000000001fe0       0x70 zephyr/arch/arch/arm/core/aarch32/libarch__arm__core__aarch32.a(thread.c.obj)
                0x0000000000001fe0                z_arm_mpu_stack_guard_and_fpu_adjust
 .text.z_check_thread_stack_fail
                0x0000000000002050       0x38 zephyr/arch/arch/arm/core/aarch32/libarch__arm__core__aarch32.a(thread.c.obj)
                0x0000000000002050                z_check_thread_stack_fail
 .text.arch_float_disable
                0x0000000000002088       0x4c zephyr/arch/arch/arm/core/aarch32/libarch__arm__core__aarch32.a(thread.c.obj)
                0x0000000000002088                arch_float_disable
 .text.arch_switch_to_main_thread
                0x00000000000020d4       0x48 zephyr/arch/arch/arm/core/aarch32/libarch__arm__core__aarch32.a(thread.c.obj)
                0x00000000000020d4                arch_switch_to_main_thread
 .text._isr_wrapper
                0x000000000000211c       0x28 zephyr/arch/arch/arm/core/aarch32/libarch__arm__core__aarch32.a(isr_wrapper.S.obj)
                0x000000000000211c                _isr_wrapper
 .text._HandlerModeExit
                0x0000000000002144       0x1c zephyr/arch/arch/arm/core/aarch32/cortex_m/libarch__arm__core__aarch32__cortex_m.a(exc_exit.S.obj)
                0x0000000000002144                z_arm_exc_exit
                0x0000000000002144                z_arm_int_exit
 .text.mem_manage_fault
                0x0000000000002160       0xa0 zephyr/arch/arch/arm/core/aarch32/cortex_m/libarch__arm__core__aarch32__cortex_m.a(fault.c.obj)
 .text.usage_fault.constprop.0
                0x0000000000002200       0x54 zephyr/arch/arch/arm/core/aarch32/cortex_m/libarch__arm__core__aarch32__cortex_m.a(fault.c.obj)
 .text.bus_fault.constprop.0
                0x0000000000002254       0x6c zephyr/arch/arch/arm/core/aarch32/cortex_m/libarch__arm__core__aarch32__cortex_m.a(fault.c.obj)
 .text.z_arm_fault
                0x00000000000022c0      0x11c zephyr/arch/arch/arm/core/aarch32/cortex_m/libarch__arm__core__aarch32__cortex_m.a(fault.c.obj)
                0x00000000000022c0                z_arm_fault
 .text.z_arm_fault_init
                0x00000000000023dc       0x10 zephyr/arch/arch/arm/core/aarch32/cortex_m/libarch__arm__core__aarch32__cortex_m.a(fault.c.obj)
                0x00000000000023dc                z_arm_fault_init
 .text.__fault  0x00000000000023ec       0x14 zephyr/arch/arch/arm/core/aarch32/cortex_m/libarch__arm__core__aarch32__cortex_m.a(fault_s.S.obj)
                0x00000000000023ec                z_arm_bus_fault
                0x00000000000023ec                z_arm_usage_fault
                0x00000000000023ec                z_arm_mpu_fault
                0x00000000000023ec                z_arm_exc_spurious
                0x00000000000023ec                z_arm_debug_monitor
                0x00000000000023ec                z_arm_hard_fault
 .text.z_arm_interrupt_init
                0x0000000000002400       0x18 zephyr/arch/arch/arm/core/aarch32/cortex_m/libarch__arm__core__aarch32__cortex_m.a(irq_init.c.obj)
                0x0000000000002400                z_arm_interrupt_init
 .text._reset_section
                0x0000000000002418       0x54 zephyr/arch/arch/arm/core/aarch32/cortex_m/libarch__arm__core__aarch32__cortex_m.a(reset.S.obj)
                0x0000000000002418                z_arm_reset
                0x0000000000002418                __start
 .text.sys_arch_reboot
                0x000000000000246c       0x24 zephyr/arch/arch/arm/core/aarch32/cortex_m/libarch__arm__core__aarch32__cortex_m.a(scb.c.obj)
                0x000000000000246c                sys_arch_reboot
 .text.z_arm_clear_arm_mpu_config
                0x0000000000002490       0x24 zephyr/arch/arch/arm/core/aarch32/cortex_m/libarch__arm__core__aarch32__cortex_m.a(scb.c.obj)
                0x0000000000002490                z_arm_clear_arm_mpu_config
 .text.z_arm_init_arch_hw_at_boot
                0x00000000000024b4       0x64 zephyr/arch/arch/arm/core/aarch32/cortex_m/libarch__arm__core__aarch32__cortex_m.a(scb.c.obj)
                0x00000000000024b4                z_arm_init_arch_hw_at_boot
 .text.z_impl_k_thread_abort
                0x0000000000002518       0x2c zephyr/arch/arch/arm/core/aarch32/cortex_m/libarch__arm__core__aarch32__cortex_m.a(thread_abort.c.obj)
                0x0000000000002518                z_impl_k_thread_abort
 .text.z_arm_configure_static_mpu_regions
                0x0000000000002544       0x18 zephyr/arch/arch/arm/core/aarch32/mpu/libarch__arm__core__aarch32__mpu.a(arm_core_mpu.c.obj)
                0x0000000000002544                z_arm_configure_static_mpu_regions
 .text.z_arm_configure_dynamic_mpu_regions
                0x000000000000255c       0x2c zephyr/arch/arch/arm/core/aarch32/mpu/libarch__arm__core__aarch32__mpu.a(arm_core_mpu.c.obj)
                0x000000000000255c                z_arm_configure_dynamic_mpu_regions
 .text.mpu_configure_regions
                0x0000000000002588       0x88 zephyr/arch/arch/arm/core/aarch32/mpu/libarch__arm__core__aarch32__mpu.a(arm_mpu.c.obj)
 .text.arm_core_mpu_enable
                0x0000000000002610       0x18 zephyr/arch/arch/arm/core/aarch32/mpu/libarch__arm__core__aarch32__mpu.a(arm_mpu.c.obj)
                0x0000000000002610                arm_core_mpu_enable
 .text.arm_core_mpu_disable
                0x0000000000002628       0x14 zephyr/arch/arch/arm/core/aarch32/mpu/libarch__arm__core__aarch32__mpu.a(arm_mpu.c.obj)
                0x0000000000002628                arm_core_mpu_disable
 .text.arm_core_mpu_configure_static_mpu_regions
                0x000000000000263c       0x14 zephyr/arch/arch/arm/core/aarch32/mpu/libarch__arm__core__aarch32__mpu.a(arm_mpu.c.obj)
                0x000000000000263c                arm_core_mpu_configure_static_mpu_regions
 .text.arm_core_mpu_configure_dynamic_mpu_regions
                0x0000000000002650       0x30 zephyr/arch/arch/arm/core/aarch32/mpu/libarch__arm__core__aarch32__mpu.a(arm_mpu.c.obj)
                0x0000000000002650                arm_core_mpu_configure_dynamic_mpu_regions
 .text.z_arm_mpu_init
                0x0000000000002680       0x60 zephyr/arch/arch/arm/core/aarch32/mpu/libarch__arm__core__aarch32__mpu.a(arm_mpu.c.obj)
                0x0000000000002680                z_arm_mpu_init
 .text.nordicsemi_nrf52_init
                0x00000000000026e0       0x44 zephyr/soc/soc/arm/nordic_nrf/nrf52/libsoc__arm__nordic_nrf__nrf52.a(soc.c.obj)
 .text.arch_busy_wait
                0x0000000000002724       0x14 zephyr/soc/soc/arm/nordic_nrf/nrf52/libsoc__arm__nordic_nrf__nrf52.a(soc.c.obj)
                0x0000000000002724                arch_busy_wait
 .text.onoff_stop
                0x0000000000002738       0x30 zephyr/drivers/clock_control/libdrivers__clock_control.a(clock_control_nrf.c.obj)
 .text.onoff_start
                0x0000000000002768       0x44 zephyr/drivers/clock_control/libdrivers__clock_control.a(clock_control_nrf.c.obj)
 .text.clk_init
                0x00000000000027ac       0x58 zephyr/drivers/clock_control/libdrivers__clock_control.a(clock_control_nrf.c.obj)
 .text.clkstarted_handle.constprop.0
                0x0000000000002804       0x34 zephyr/drivers/clock_control/libdrivers__clock_control.a(clock_control_nrf.c.obj)
 .text.clock_event_handler
                0x0000000000002838       0x1c zephyr/drivers/clock_control/libdrivers__clock_control.a(clock_control_nrf.c.obj)
 .text.generic_hfclk_start
                0x0000000000002854       0x64 zephyr/drivers/clock_control/libdrivers__clock_control.a(clock_control_nrf.c.obj)
 .text.api_blocking_start
                0x00000000000028b8       0x34 zephyr/drivers/clock_control/libdrivers__clock_control.a(clock_control_nrf.c.obj)
 .text.generic_hfclk_stop
                0x00000000000028ec       0x34 zephyr/drivers/clock_control/libdrivers__clock_control.a(clock_control_nrf.c.obj)
 .text.z_nrf_clock_control_lf_on
                0x0000000000002920       0xfc zephyr/drivers/clock_control/libdrivers__clock_control.a(clock_control_nrf.c.obj)
                0x0000000000002920                z_nrf_clock_control_lf_on
 .text.flash_at45_get_parameters
                0x0000000000002a1c        0x8 zephyr/drivers/flash/libdrivers__flash.a(spi_flash_at45.c.obj)
 .text.spi_flash_at45_init
                0x0000000000002a24      0x114 zephyr/drivers/flash/libdrivers__flash.a(spi_flash_at45.c.obj)
 .text.spi_flash_at45_erase
                0x0000000000002b38      0x12c zephyr/drivers/flash/libdrivers__flash.a(spi_flash_at45.c.obj)
 .text.flash_nrf_pages_layout
                0x0000000000002c64       0x10 zephyr/drivers/flash/libdrivers__flash.a(soc_flash_nrf.c.obj)
 .text.flash_nrf_get_parameters
                0x0000000000002c74        0x8 zephyr/drivers/flash/libdrivers__flash.a(soc_flash_nrf.c.obj)
 .text.nrf_flash_init
                0x0000000000002c7c       0x28 zephyr/drivers/flash/libdrivers__flash.a(soc_flash_nrf.c.obj)
 .text.restore_pofwarn.part.0
                0x0000000000002ca4       0x2c zephyr/drivers/flash/libdrivers__flash.a(soc_flash_nrf.c.obj)
 .text.suspend_pofwarn
                0x0000000000002cd0       0x58 zephyr/drivers/flash/libdrivers__flash.a(soc_flash_nrf.c.obj)
 .text.flash_nrf_erase
                0x0000000000002d28       0x88 zephyr/drivers/flash/libdrivers__flash.a(soc_flash_nrf.c.obj)
 .text.flash_nrf_write
                0x0000000000002db0       0x8c zephyr/drivers/flash/libdrivers__flash.a(soc_flash_nrf.c.obj)
 .text.gpio_nrfx_pin_interrupt_configure
                0x0000000000002e3c       0xe4 zephyr/drivers/gpio/libdrivers__gpio.a(gpio_nrfx.c.obj)
 .text.gpio_nrfx_init
                0x0000000000002f20       0x38 zephyr/drivers/gpio/libdrivers__gpio.a(gpio_nrfx.c.obj)
 .text.nrfx_gpio_handler
                0x0000000000002f58       0x4c zephyr/drivers/gpio/libdrivers__gpio.a(gpio_nrfx.c.obj)
 .text.gpio_nrfx_pin_configure
                0x0000000000002fa4      0x128 zephyr/drivers/gpio/libdrivers__gpio.a(gpio_nrfx.c.obj)
 .text.nrf_gpio_pin_port_decode
                0x00000000000030cc       0x20 zephyr/drivers/pinctrl/libdrivers__pinctrl.a(pinctrl_nrf.c.obj)
 .text.pinctrl_configure_pins
                0x00000000000030ec      0x138 zephyr/drivers/pinctrl/libdrivers__pinctrl.a(pinctrl_nrf.c.obj)
                0x00000000000030ec                pinctrl_configure_pins
 .text.transfer_next_chunk
                0x0000000000003224       0x98 zephyr/drivers/spi/libdrivers__spi.a(spi_nrfx_spim.c.obj)
 .text.spi_nrfx_transceive
                0x00000000000032bc      0x36c zephyr/drivers/spi/libdrivers__spi.a(spi_nrfx_spim.c.obj)
 .text.nrf_gpio_cfg_input
                0x0000000000003628       0x40 zephyr/drivers/spi/libdrivers__spi.a(spi_nrfx_common.c.obj)
 .text.spi_nrfx_wake_init
                0x0000000000003668       0x54 zephyr/drivers/spi/libdrivers__spi.a(spi_nrfx_common.c.obj)
                0x0000000000003668                spi_nrfx_wake_init
 .text.compare_int_lock
                0x00000000000036bc       0x48 zephyr/drivers/timer/libdrivers__timer.a(nrf_rtc_timer.c.obj)
 .text.sys_clock_timeout_handler
                0x0000000000003704       0x48 zephyr/drivers/timer/libdrivers__timer.a(nrf_rtc_timer.c.obj)
 .text.compare_int_unlock
                0x000000000000374c       0x5c zephyr/drivers/timer/libdrivers__timer.a(nrf_rtc_timer.c.obj)
 .text.z_nrf_rtc_timer_read
                0x00000000000037a8       0x44 zephyr/drivers/timer/libdrivers__timer.a(nrf_rtc_timer.c.obj)
                0x00000000000037a8                z_nrf_rtc_timer_read
 .text.compare_set
                0x00000000000037ec      0x130 zephyr/drivers/timer/libdrivers__timer.a(nrf_rtc_timer.c.obj)
 .text.sys_clock_driver_init
                0x000000000000391c       0x90 zephyr/drivers/timer/libdrivers__timer.a(nrf_rtc_timer.c.obj)
 .text.rtc_nrf_isr
                0x00000000000039ac       0xd4 zephyr/drivers/timer/libdrivers__timer.a(nrf_rtc_timer.c.obj)
                0x00000000000039ac                rtc_nrf_isr
 .text.sys_clock_set_timeout
                0x0000000000003a80       0x68 zephyr/drivers/timer/libdrivers__timer.a(nrf_rtc_timer.c.obj)
                0x0000000000003a80                sys_clock_set_timeout
 .text.sys_clock_elapsed
                0x0000000000003ae8       0x14 zephyr/drivers/timer/libdrivers__timer.a(nrf_rtc_timer.c.obj)
                0x0000000000003ae8                sys_clock_elapsed
 .text.sys_clock_disable
                0x0000000000003afc       0x30 zephyr/drivers/timer/libdrivers__timer.a(nrf_rtc_timer.c.obj)
                0x0000000000003afc                sys_clock_disable
 .text.find_free_region
                0x0000000000003b2c       0x3c modules/nrf/lib/fprotect/lib..__nrf__lib__fprotect.a(fprotect_acl.c.obj)
 .text.boot_write_magic
                0x0000000000003b68       0x40 modules/mcuboot/boot/bootutil/zephyr/libmcuboot_util.a(bootutil_public.c.obj)
                0x0000000000003b68                boot_write_magic
 .text.boot_read_swap_state
                0x0000000000003ba8       0xac modules/mcuboot/boot/bootutil/zephyr/libmcuboot_util.a(bootutil_public.c.obj)
                0x0000000000003ba8                boot_read_swap_state
 .text.boot_swap_type_multi
                0x0000000000003c54      0x100 modules/mcuboot/boot/bootutil/zephyr/libmcuboot_util.a(bootutil_public.c.obj)
                0x0000000000003c54                boot_swap_type_multi
 .text.nrf52_errata_98
                0x0000000000003d54       0x24 modules/hal_nordic/nrfx/libmodules__hal_nordic__nrfx.a(system_nrf52840.c.obj)
 .text.SystemInit
                0x0000000000003d78      0x178 modules/hal_nordic/nrfx/libmodules__hal_nordic__nrfx.a(system_nrf52840.c.obj)
                0x0000000000003d78                SystemInit
 .text.nrfx_flag32_alloc
                0x0000000000003ef0       0x48 modules/hal_nordic/nrfx/libmodules__hal_nordic__nrfx.a(nrfx_flag32_allocator.c.obj)
                0x0000000000003ef0                nrfx_flag32_alloc
 .text.nrfx_flag32_free
                0x0000000000003f38       0x40 modules/hal_nordic/nrfx/libmodules__hal_nordic__nrfx.a(nrfx_flag32_allocator.c.obj)
                0x0000000000003f38                nrfx_flag32_free
 .text.clock_stop
                0x0000000000003f78       0xc4 modules/hal_nordic/nrfx/libmodules__hal_nordic__nrfx.a(nrfx_clock.c.obj)
 .text.nrfx_clock_init
                0x000000000000403c       0x20 modules/hal_nordic/nrfx/libmodules__hal_nordic__nrfx.a(nrfx_clock.c.obj)
                0x000000000000403c                nrfx_clock_init
 .text.nrfx_power_clock_irq_handler
                0x000000000000405c       0x68 modules/hal_nordic/nrfx/libmodules__hal_nordic__nrfx.a(nrfx_clock.c.obj)
                0x000000000000405c                nrfx_power_clock_irq_handler
 .text.nrf_gpio_pin_port_decode
                0x00000000000040c4       0x20 modules/hal_nordic/nrfx/libmodules__hal_nordic__nrfx.a(nrfx_gpiote.c.obj)
 .text.get_pin_idx
                0x00000000000040e4       0x14 modules/hal_nordic/nrfx/libmodules__hal_nordic__nrfx.a(nrfx_gpiote.c.obj)
 .text.pin_in_use_by_te
                0x00000000000040f8       0x18 modules/hal_nordic/nrfx/libmodules__hal_nordic__nrfx.a(nrfx_gpiote.c.obj)
 .text.pin_is_output
                0x0000000000004110       0x18 modules/hal_nordic/nrfx/libmodules__hal_nordic__nrfx.a(nrfx_gpiote.c.obj)
 .text.pin_te_get
                0x0000000000004128       0x18 modules/hal_nordic/nrfx/libmodules__hal_nordic__nrfx.a(nrfx_gpiote.c.obj)
 .text.call_handler
                0x0000000000004140       0x40 modules/hal_nordic/nrfx/libmodules__hal_nordic__nrfx.a(nrfx_gpiote.c.obj)
 .text.release_handler
                0x0000000000004180       0x58 modules/hal_nordic/nrfx/libmodules__hal_nordic__nrfx.a(nrfx_gpiote.c.obj)
 .text.__nrfy_internal_gpiote_events_process.constprop.0
                0x00000000000041d8       0x54 modules/hal_nordic/nrfx/libmodules__hal_nordic__nrfx.a(nrfx_gpiote.c.obj)
 .text.nrfx_gpiote_input_configure
                0x000000000000422c      0x180 modules/hal_nordic/nrfx/libmodules__hal_nordic__nrfx.a(nrfx_gpiote.c.obj)
                0x000000000000422c                nrfx_gpiote_input_configure
 .text.nrfx_gpiote_output_configure
                0x00000000000043ac       0xf4 modules/hal_nordic/nrfx/libmodules__hal_nordic__nrfx.a(nrfx_gpiote.c.obj)
                0x00000000000043ac                nrfx_gpiote_output_configure
 .text.nrfx_gpiote_global_callback_set
                0x00000000000044a0        0xc modules/hal_nordic/nrfx/libmodules__hal_nordic__nrfx.a(nrfx_gpiote.c.obj)
                0x00000000000044a0                nrfx_gpiote_global_callback_set
 .text.nrfx_gpiote_channel_get
                0x00000000000044ac       0x30 modules/hal_nordic/nrfx/libmodules__hal_nordic__nrfx.a(nrfx_gpiote.c.obj)
                0x00000000000044ac                nrfx_gpiote_channel_get
 .text.nrfx_gpiote_init
                0x00000000000044dc       0x50 modules/hal_nordic/nrfx/libmodules__hal_nordic__nrfx.a(nrfx_gpiote.c.obj)
                0x00000000000044dc                nrfx_gpiote_init
 .text.nrfx_gpiote_is_init
                0x000000000000452c       0x14 modules/hal_nordic/nrfx/libmodules__hal_nordic__nrfx.a(nrfx_gpiote.c.obj)
                0x000000000000452c                nrfx_gpiote_is_init
 .text.nrfx_gpiote_channel_free
                0x0000000000004540        0xc modules/hal_nordic/nrfx/libmodules__hal_nordic__nrfx.a(nrfx_gpiote.c.obj)
                0x0000000000004540                nrfx_gpiote_channel_free
 .text.nrfx_gpiote_channel_alloc
                0x000000000000454c        0xc modules/hal_nordic/nrfx/libmodules__hal_nordic__nrfx.a(nrfx_gpiote.c.obj)
                0x000000000000454c                nrfx_gpiote_channel_alloc
 .text.nrfx_gpiote_trigger_enable
                0x0000000000004558       0x9c modules/hal_nordic/nrfx/libmodules__hal_nordic__nrfx.a(nrfx_gpiote.c.obj)
                0x0000000000004558                nrfx_gpiote_trigger_enable
 .text.nrfx_gpiote_trigger_disable
                0x00000000000045f4       0x4c modules/hal_nordic/nrfx/libmodules__hal_nordic__nrfx.a(nrfx_gpiote.c.obj)
                0x00000000000045f4                nrfx_gpiote_trigger_disable
 .text.nrfx_gpiote_pin_uninit
                0x0000000000004640       0x80 modules/hal_nordic/nrfx/libmodules__hal_nordic__nrfx.a(nrfx_gpiote.c.obj)
                0x0000000000004640                nrfx_gpiote_pin_uninit
 .text.nrfx_gpiote_irq_handler
                0x00000000000046c0      0x1a8 modules/hal_nordic/nrfx/libmodules__hal_nordic__nrfx.a(nrfx_gpiote.c.obj)
                0x00000000000046c0                nrfx_gpiote_irq_handler
 .text.nvmc_word_write
                0x0000000000004868       0x18 modules/hal_nordic/nrfx/libmodules__hal_nordic__nrfx.a(nrfx_nvmc.c.obj)
 .text.nrfx_nvmc_page_erase
                0x0000000000004880       0x40 modules/hal_nordic/nrfx/libmodules__hal_nordic__nrfx.a(nrfx_nvmc.c.obj)
                0x0000000000004880                nrfx_nvmc_page_erase
 .text.nrfx_nvmc_word_write
                0x00000000000048c0       0x1c modules/hal_nordic/nrfx/libmodules__hal_nordic__nrfx.a(nrfx_nvmc.c.obj)
                0x00000000000048c0                nrfx_nvmc_word_write
 .text.nrf_gpio_pin_port_decode
                0x00000000000048dc       0x20 modules/hal_nordic/nrfx/libmodules__hal_nordic__nrfx.a(nrfx_spim.c.obj)
 .text.pin_init
                0x00000000000048fc       0x50 modules/hal_nordic/nrfx/libmodules__hal_nordic__nrfx.a(nrfx_spim.c.obj)
 .text.spim_configuration_verify
                0x000000000000494c       0x94 modules/hal_nordic/nrfx/libmodules__hal_nordic__nrfx.a(nrfx_spim.c.obj)
 .text.spim_configure
                0x00000000000049e0      0x258 modules/hal_nordic/nrfx/libmodules__hal_nordic__nrfx.a(nrfx_spim.c.obj)
 .text.spim_pin_uninit
                0x0000000000004c38       0x30 modules/hal_nordic/nrfx/libmodules__hal_nordic__nrfx.a(nrfx_spim.c.obj)
 .text.nrfx_spim_init
                0x0000000000004c68       0x5c modules/hal_nordic/nrfx/libmodules__hal_nordic__nrfx.a(nrfx_spim.c.obj)
                0x0000000000004c68                nrfx_spim_init
 .text.nrfx_spim_uninit
                0x0000000000004cc4       0x90 modules/hal_nordic/nrfx/libmodules__hal_nordic__nrfx.a(nrfx_spim.c.obj)
                0x0000000000004cc4                nrfx_spim_uninit
 .text.nrfx_spim_xfer
                0x0000000000004d54      0x164 modules/hal_nordic/nrfx/libmodules__hal_nordic__nrfx.a(nrfx_spim.c.obj)
                0x0000000000004d54                nrfx_spim_xfer
 .text.nrfx_spim_1_irq_handler
                0x0000000000004eb8       0x54 modules/hal_nordic/nrfx/libmodules__hal_nordic__nrfx.a(nrfx_spim.c.obj)
                0x0000000000004eb8                nrfx_spim_1_irq_handler
 .text._DoInit  0x0000000000004f0c       0x68 modules/segger/libmodules__segger.a(SEGGER_RTT.c.obj)
 .text.z_sys_init_run_level
                0x0000000000004f74       0x48 zephyr/kernel/libkernel.a(init.c.obj)
 .text.bg_thread_main
                0x0000000000004fbc       0x34 zephyr/kernel/libkernel.a(init.c.obj)
 .text.z_bss_zero
                0x0000000000004ff0       0x18 zephyr/kernel/libkernel.a(init.c.obj)
                0x0000000000004ff0                z_bss_zero
 .text.z_init_cpu
                0x0000000000005008       0x8c zephyr/kernel/libkernel.a(init.c.obj)
                0x0000000000005008                z_init_cpu
 .text.z_cstart
                0x0000000000005094       0xdc zephyr/kernel/libkernel.a(init.c.obj)
                0x0000000000005094                z_cstart
 .text.init_mem_slab_module
                0x0000000000005170       0x24 zephyr/kernel/libkernel.a(mem_slab.c.obj)
 .text.k_mem_slab_alloc
                0x0000000000005194       0x5c zephyr/kernel/libkernel.a(mem_slab.c.obj)
                0x0000000000005194                k_mem_slab_alloc
 .text.z_setup_new_thread
                0x00000000000051f0       0x64 zephyr/kernel/libkernel.a(thread.c.obj)
                0x00000000000051f0                z_setup_new_thread
 .text.z_init_static_threads
                0x0000000000005254       0xb8 zephyr/kernel/libkernel.a(thread.c.obj)
                0x0000000000005254                z_init_static_threads
 .text.z_impl_k_mutex_lock
                0x000000000000530c       0xf4 zephyr/kernel/libkernel.a(mutex.c.obj)
                0x000000000000530c                z_impl_k_mutex_lock
 .text.z_impl_k_mutex_unlock
                0x0000000000005400       0x78 zephyr/kernel/libkernel.a(mutex.c.obj)
                0x0000000000005400                z_impl_k_mutex_unlock
 .text.z_impl_k_sem_give
                0x0000000000005478       0x48 zephyr/kernel/libkernel.a(sem.c.obj)
                0x0000000000005478                z_impl_k_sem_give
 .text.z_impl_k_sem_take
                0x00000000000054c0       0x50 zephyr/kernel/libkernel.a(sem.c.obj)
                0x00000000000054c0                z_impl_k_sem_take
 .text.z_impl_k_sem_reset
                0x0000000000005510       0x3c zephyr/kernel/libkernel.a(sem.c.obj)
                0x0000000000005510                z_impl_k_sem_reset
 .text.sliceable
                0x000000000000554c       0x3c zephyr/kernel/libkernel.a(sched.c.obj)
 .text.slice_timeout
                0x0000000000005588       0x20 zephyr/kernel/libkernel.a(sched.c.obj)
 .text.z_reset_time_slice
                0x00000000000055a8       0x50 zephyr/kernel/libkernel.a(sched.c.obj)
                0x00000000000055a8                z_reset_time_slice
 .text.update_cache
                0x00000000000055f8       0x3c zephyr/kernel/libkernel.a(sched.c.obj)
 .text.move_thread_to_end_of_prio_q
                0x0000000000005634       0x74 zephyr/kernel/libkernel.a(sched.c.obj)
 .text.ready_thread
                0x00000000000056a8       0x68 zephyr/kernel/libkernel.a(sched.c.obj)
 .text.unready_thread
                0x0000000000005710       0x30 zephyr/kernel/libkernel.a(sched.c.obj)
 .text.pend_locked
                0x0000000000005740       0x30 zephyr/kernel/libkernel.a(sched.c.obj)
 .text.z_time_slice
                0x0000000000005770       0x60 zephyr/kernel/libkernel.a(sched.c.obj)
                0x0000000000005770                z_time_slice
 .text.z_pend_curr
                0x00000000000057d0       0x3c zephyr/kernel/libkernel.a(sched.c.obj)
                0x00000000000057d0                z_pend_curr
 .text.z_set_prio
                0x000000000000580c       0x8c zephyr/kernel/libkernel.a(sched.c.obj)
                0x000000000000580c                z_set_prio
 .text.z_reschedule
                0x0000000000005898       0x24 zephyr/kernel/libkernel.a(sched.c.obj)
                0x0000000000005898                z_reschedule
 .text.z_sched_start
                0x00000000000058bc       0x3c zephyr/kernel/libkernel.a(sched.c.obj)
                0x00000000000058bc                z_sched_start
 .text.z_impl_k_thread_suspend
                0x00000000000058f8       0x64 zephyr/kernel/libkernel.a(sched.c.obj)
                0x00000000000058f8                z_impl_k_thread_suspend
 .text.k_sched_lock
                0x000000000000595c       0x28 zephyr/kernel/libkernel.a(sched.c.obj)
                0x000000000000595c                k_sched_lock
 .text.k_sched_unlock
                0x0000000000005984       0x38 zephyr/kernel/libkernel.a(sched.c.obj)
                0x0000000000005984                k_sched_unlock
 .text.z_sched_init
                0x00000000000059bc       0x10 zephyr/kernel/libkernel.a(sched.c.obj)
                0x00000000000059bc                z_sched_init
 .text.z_impl_k_yield
                0x00000000000059cc       0x7c zephyr/kernel/libkernel.a(sched.c.obj)
                0x00000000000059cc                z_impl_k_yield
 .text.z_tick_sleep
                0x0000000000005a48       0x88 zephyr/kernel/libkernel.a(sched.c.obj)
 .text.z_impl_k_sleep
                0x0000000000005ad0       0x34 zephyr/kernel/libkernel.a(sched.c.obj)
                0x0000000000005ad0                z_impl_k_sleep
 .text.z_impl_z_current_get
                0x0000000000005b04        0xc zephyr/kernel/libkernel.a(sched.c.obj)
                0x0000000000005b04                z_impl_z_current_get
 .text.z_thread_abort
                0x0000000000005b10       0xc8 zephyr/kernel/libkernel.a(sched.c.obj)
                0x0000000000005b10                z_thread_abort
 .text.z_data_copy
                0x0000000000005bd8       0x34 zephyr/kernel/libkernel.a(xip.c.obj)
                0x0000000000005bd8                z_data_copy
 .text.elapsed  0x0000000000005c0c       0x14 zephyr/kernel/libkernel.a(timeout.c.obj)
 .text.next_timeout
                0x0000000000005c20       0x40 zephyr/kernel/libkernel.a(timeout.c.obj)
 .text.remove_timeout
                0x0000000000005c60       0x38 zephyr/kernel/libkernel.a(timeout.c.obj)
 .text.z_add_timeout
                0x0000000000005c98       0xec zephyr/kernel/libkernel.a(timeout.c.obj)
                0x0000000000005c98                z_add_timeout
 .text.sys_clock_announce
                0x0000000000005d84       0xd4 zephyr/kernel/libkernel.a(timeout.c.obj)
                0x0000000000005d84                sys_clock_announce
 .text.sys_clock_tick_get
                0x0000000000005e58       0x34 zephyr/kernel/libkernel.a(timeout.c.obj)
                0x0000000000005e58                sys_clock_tick_get
 .text.boot_banner
                0x0000000000005e8c        0xc zephyr/kernel/libkernel.a(banner.c.obj)
                0x0000000000005e8c                boot_banner
 .text.nrf_cc3xx_platform_init_no_rng
                0x0000000000005e98       0x38 /home/frese/Documents/chester-app/nrfxlib/crypto/nrf_cc310_platform/lib/cortex-m4/hard-float/no-interrupts/libnrf_cc310_platform_0.9.18.a(nrf_cc3xx_platform.c.obj)
                0x0000000000005e98                nrf_cc3xx_platform_init_no_rng
 .text.nrf_cc3xx_platform_abort
                0x0000000000005ed0       0x24 /home/frese/Documents/chester-app/nrfxlib/crypto/nrf_cc310_platform/lib/cortex-m4/hard-float/no-interrupts/libnrf_cc310_platform_0.9.18.a(nrf_cc3xx_platform_abort.c.obj)
 .text.CC_PalAbort
                0x0000000000005ef4       0x38 /home/frese/Documents/chester-app/nrfxlib/crypto/nrf_cc310_platform/lib/cortex-m4/hard-float/no-interrupts/libnrf_cc310_platform_0.9.18.a(nrf_cc3xx_platform_abort.c.obj)
                0x0000000000005ef4                CC_PalAbort
 .text.nrf_cc3xx_platform_set_abort
                0x0000000000005f2c       0x10 /home/frese/Documents/chester-app/nrfxlib/crypto/nrf_cc310_platform/lib/cortex-m4/hard-float/no-interrupts/libnrf_cc310_platform_0.9.18.a(nrf_cc3xx_platform_abort.c.obj)
                0x0000000000005f2c                nrf_cc3xx_platform_set_abort
 .text.mutex_free
                0x0000000000005f3c       0x34 /home/frese/Documents/chester-app/nrfxlib/crypto/nrf_cc310_platform/lib/cortex-m4/hard-float/no-interrupts/libnrf_cc310_platform_0.9.18.a(nrf_cc3xx_platform_mutex.c.obj)
 .text.mutex_lock
                0x0000000000005f70       0x48 /home/frese/Documents/chester-app/nrfxlib/crypto/nrf_cc310_platform/lib/cortex-m4/hard-float/no-interrupts/libnrf_cc310_platform_0.9.18.a(nrf_cc3xx_platform_mutex.c.obj)
 .text.mutex_unlock
                0x0000000000005fb8       0x38 /home/frese/Documents/chester-app/nrfxlib/crypto/nrf_cc310_platform/lib/cortex-m4/hard-float/no-interrupts/libnrf_cc310_platform_0.9.18.a(nrf_cc3xx_platform_mutex.c.obj)
 .text.mutex_init
                0x0000000000005ff0       0x20 /home/frese/Documents/chester-app/nrfxlib/crypto/nrf_cc310_platform/lib/cortex-m4/hard-float/no-interrupts/libnrf_cc310_platform_0.9.18.a(nrf_cc3xx_platform_mutex.c.obj)
 .text.nrf_cc3xx_platform_set_mutexes
                0x0000000000006010       0x6c /home/frese/Documents/chester-app/nrfxlib/crypto/nrf_cc310_platform/lib/cortex-m4/hard-float/no-interrupts/libnrf_cc310_platform_0.9.18.a(nrf_cc3xx_platform_mutex.c.obj)
                0x0000000000006010                nrf_cc3xx_platform_set_mutexes
 .text.mbedtls_platform_zeroize
                0x000000000000607c       0x14 /home/frese/Documents/chester-app/nrfxlib/crypto/nrf_cc310_platform/lib/cortex-m4/hard-float/no-interrupts/libnrf_cc310_platform_0.9.18.a(mbedtls_common.c.obj)
                0x000000000000607c                mbedtls_platform_zeroize
 .text.CC_LibInitNoRng
                0x0000000000006090       0x64 /home/frese/Documents/chester-app/nrfxlib/crypto/nrf_cc310_platform/lib/cortex-m4/hard-float/no-interrupts/libnrf_cc310_platform_0.9.18.a(cc_lib.c.obj)
                0x0000000000006090                CC_LibInitNoRng
 .text.CC_HalInit
                0x00000000000060f4        0x4 /home/frese/Documents/chester-app/nrfxlib/crypto/nrf_cc310_platform/lib/cortex-m4/hard-float/no-interrupts/libnrf_cc310_platform_0.9.18.a(cc_hal.c.obj)
                0x00000000000060f4                CC_HalInit
 .text.CC_HalTerminate
                0x00000000000060f8        0x4 /home/frese/Documents/chester-app/nrfxlib/crypto/nrf_cc310_platform/lib/cortex-m4/hard-float/no-interrupts/libnrf_cc310_platform_0.9.18.a(cc_hal.c.obj)
                0x00000000000060f8                CC_HalTerminate
 .text.CC_HalMaskInterrupt
                0x00000000000060fc        0xc /home/frese/Documents/chester-app/nrfxlib/crypto/nrf_cc310_platform/lib/cortex-m4/hard-float/no-interrupts/libnrf_cc310_platform_0.9.18.a(cc_hal.c.obj)
                0x00000000000060fc                CC_HalMaskInterrupt
 .text.CC_PalInit
                0x0000000000006108       0x5c /home/frese/Documents/chester-app/nrfxlib/crypto/nrf_cc310_platform/lib/cortex-m4/hard-float/no-interrupts/libnrf_cc310_platform_0.9.18.a(cc_pal.c.obj)
                0x0000000000006108                CC_PalInit
 .text.CC_PalTerminate
                0x0000000000006164       0x34 /home/frese/Documents/chester-app/nrfxlib/crypto/nrf_cc310_platform/lib/cortex-m4/hard-float/no-interrupts/libnrf_cc310_platform_0.9.18.a(cc_pal.c.obj)
                0x0000000000006164                CC_PalTerminate
 .text.CC_PalDmaInit
                0x0000000000006198        0x4 /home/frese/Documents/chester-app/nrfxlib/crypto/nrf_cc310_platform/lib/cortex-m4/hard-float/no-interrupts/libnrf_cc310_platform_0.9.18.a(cc_pal_dma.c.obj)
                0x0000000000006198                CC_PalDmaInit
 .text.CC_PalDmaTerminate
                0x000000000000619c        0x4 /home/frese/Documents/chester-app/nrfxlib/crypto/nrf_cc310_platform/lib/cortex-m4/hard-float/no-interrupts/libnrf_cc310_platform_0.9.18.a(cc_pal_dma.c.obj)
                0x000000000000619c                CC_PalDmaTerminate
 .text.CC_PalMutexCreate
                0x00000000000061a0       0x14 /home/frese/Documents/chester-app/nrfxlib/crypto/nrf_cc310_platform/lib/cortex-m4/hard-float/no-interrupts/libnrf_cc310_platform_0.9.18.a(cc_pal_mutex.c.obj)
                0x00000000000061a0                CC_PalMutexCreate
 .text.CC_PalMutexDestroy
                0x00000000000061b4       0x14 /home/frese/Documents/chester-app/nrfxlib/crypto/nrf_cc310_platform/lib/cortex-m4/hard-float/no-interrupts/libnrf_cc310_platform_0.9.18.a(cc_pal_mutex.c.obj)
                0x00000000000061b4                CC_PalMutexDestroy
 .text.CC_PalPowerSaveModeInit
                0x00000000000061c8       0x3c /home/frese/Documents/chester-app/nrfxlib/crypto/nrf_cc310_platform/lib/cortex-m4/hard-float/no-interrupts/libnrf_cc310_platform_0.9.18.a(cc_pal_pm.c.obj)
                0x00000000000061c8                CC_PalPowerSaveModeInit
 .text.CC_PalPowerSaveModeSelect
                0x0000000000006204       0x84 /home/frese/Documents/chester-app/nrfxlib/crypto/nrf_cc310_platform/lib/cortex-m4/hard-float/no-interrupts/libnrf_cc310_platform_0.9.18.a(cc_pal_pm.c.obj)
                0x0000000000006204                CC_PalPowerSaveModeSelect
 .text.verify_context_ecdsa_verify_secp256r1
                0x0000000000006288       0x20 /home/frese/Documents/chester-app/nrfxlib/crypto/nrf_cc310_bl/lib/cortex-m4/hard-float/no-interrupts/libnrf_cc310_bl_0.9.12.a(nrf_cc310_bl_ecdsa_verify_secp256r1.c.obj)
 .text.nrf_cc310_bl_ecdsa_verify_init_secp256r1
                0x00000000000062a8       0x4c /home/frese/Documents/chester-app/nrfxlib/crypto/nrf_cc310_bl/lib/cortex-m4/hard-float/no-interrupts/libnrf_cc310_bl_0.9.12.a(nrf_cc310_bl_ecdsa_verify_secp256r1.c.obj)
                0x00000000000062a8                nrf_cc310_bl_ecdsa_verify_init_secp256r1
 .text.nrf_cc310_bl_ecdsa_verify_hash_secp256r1
                0x00000000000062f4      0x168 /home/frese/Documents/chester-app/nrfxlib/crypto/nrf_cc310_bl/lib/cortex-m4/hard-float/no-interrupts/libnrf_cc310_bl_0.9.12.a(nrf_cc310_bl_ecdsa_verify_secp256r1.c.obj)
                0x00000000000062f4                nrf_cc310_bl_ecdsa_verify_hash_secp256r1
 .text.set_digest_in_hw_sha256
                0x000000000000645c       0x38 /home/frese/Documents/chester-app/nrfxlib/crypto/nrf_cc310_bl/lib/cortex-m4/hard-float/no-interrupts/libnrf_cc310_bl_0.9.12.a(nrf_cc310_bl_hash_sha256.c.obj)
 .text.read_digest_in_hw_sha256
                0x0000000000006494       0x54 /home/frese/Documents/chester-app/nrfxlib/crypto/nrf_cc310_bl/lib/cortex-m4/hard-float/no-interrupts/libnrf_cc310_bl_0.9.12.a(nrf_cc310_bl_hash_sha256.c.obj)
 .text.verify_context_hash_sha256
                0x00000000000064e8       0x20 /home/frese/Documents/chester-app/nrfxlib/crypto/nrf_cc310_bl/lib/cortex-m4/hard-float/no-interrupts/libnrf_cc310_bl_0.9.12.a(nrf_cc310_bl_hash_sha256.c.obj)
 .text.nrf_cc310_bl_hash_sha256_init
                0x0000000000006508       0x34 /home/frese/Documents/chester-app/nrfxlib/crypto/nrf_cc310_bl/lib/cortex-m4/hard-float/no-interrupts/libnrf_cc310_bl_0.9.12.a(nrf_cc310_bl_hash_sha256.c.obj)
                0x0000000000006508                nrf_cc310_bl_hash_sha256_init
 .text.nrf_cc310_bl_hash_sha256_update
                0x000000000000653c       0xb0 /home/frese/Documents/chester-app/nrfxlib/crypto/nrf_cc310_bl/lib/cortex-m4/hard-float/no-interrupts/libnrf_cc310_bl_0.9.12.a(nrf_cc310_bl_hash_sha256.c.obj)
                0x000000000000653c                nrf_cc310_bl_hash_sha256_update
 .text.nrf_cc310_bl_hash_sha256_finalize
                0x00000000000065ec       0x60 /home/frese/Documents/chester-app/nrfxlib/crypto/nrf_cc310_bl/lib/cortex-m4/hard-float/no-interrupts/libnrf_cc310_bl_0.9.12.a(nrf_cc310_bl_hash_sha256.c.obj)
                0x00000000000065ec                nrf_cc310_bl_hash_sha256_finalize
 .text.nrf_cc310_bl_init
                0x000000000000664c       0x34 /home/frese/Documents/chester-app/nrfxlib/crypto/nrf_cc310_bl/lib/cortex-m4/hard-float/no-interrupts/libnrf_cc310_bl_0.9.12.a(nrf_cc310_bl_init.c.obj)
                0x000000000000664c                nrf_cc310_bl_init
 .text.PkaSetRegsMapTab
                0x0000000000006680       0x48 /home/frese/Documents/chester-app/nrfxlib/crypto/nrf_cc310_bl/lib/cortex-m4/hard-float/no-interrupts/libnrf_cc310_bl_0.9.12.a(pka.c.obj)
                0x0000000000006680                PkaSetRegsMapTab
 .text.PkaGetRegEffectiveSizeInBits
                0x00000000000066c8       0x8c /home/frese/Documents/chester-app/nrfxlib/crypto/nrf_cc310_bl/lib/cortex-m4/hard-float/no-interrupts/libnrf_cc310_bl_0.9.12.a(pka.c.obj)
                0x00000000000066c8                PkaGetRegEffectiveSizeInBits
 .text.PkaGetNextMsBit
                0x0000000000006754       0x74 /home/frese/Documents/chester-app/nrfxlib/crypto/nrf_cc310_bl/lib/cortex-m4/hard-float/no-interrupts/libnrf_cc310_bl_0.9.12.a(pka.c.obj)
                0x0000000000006754                PkaGetNextMsBit
 .text.PkaSetRegsSizesTab
                0x00000000000067c8       0x3c /home/frese/Documents/chester-app/nrfxlib/crypto/nrf_cc310_bl/lib/cortex-m4/hard-float/no-interrupts/libnrf_cc310_bl_0.9.12.a(pka.c.obj)
                0x00000000000067c8                PkaSetRegsSizesTab
 .text.PkaInitPka
                0x0000000000006804       0x74 /home/frese/Documents/chester-app/nrfxlib/crypto/nrf_cc310_bl/lib/cortex-m4/hard-float/no-interrupts/libnrf_cc310_bl_0.9.12.a(pka.c.obj)
                0x0000000000006804                PkaInitPka
 .text.PkaClearBlockOfRegs
                0x0000000000006878      0x130 /home/frese/Documents/chester-app/nrfxlib/crypto/nrf_cc310_bl/lib/cortex-m4/hard-float/no-interrupts/libnrf_cc310_bl_0.9.12.a(pka.c.obj)
                0x0000000000006878                PkaClearBlockOfRegs
 .text.PkaFinishAndMutexUnlock
                0x00000000000069a8       0x24 /home/frese/Documents/chester-app/nrfxlib/crypto/nrf_cc310_bl/lib/cortex-m4/hard-float/no-interrupts/libnrf_cc310_bl_0.9.12.a(pka.c.obj)
                0x00000000000069a8                PkaFinishAndMutexUnlock
 .text.PkaCopyDataIntoPkaReg
                0x00000000000069cc       0xb8 /home/frese/Documents/chester-app/nrfxlib/crypto/nrf_cc310_bl/lib/cortex-m4/hard-float/no-interrupts/libnrf_cc310_bl_0.9.12.a(pka.c.obj)
                0x00000000000069cc                PkaCopyDataIntoPkaReg
 .text.PkaEcdsaVerify
                0x0000000000006a84      0x284 /home/frese/Documents/chester-app/nrfxlib/crypto/nrf_cc310_bl/lib/cortex-m4/hard-float/no-interrupts/libnrf_cc310_bl_0.9.12.a(pka_ec_wrst_dsa_verify.c.obj)
                0x0000000000006a84                PkaEcdsaVerify
 .text.nrf_cc310_bl_hash_update_internal
                0x0000000000006d08       0xf0 /home/frese/Documents/chester-app/nrfxlib/crypto/nrf_cc310_bl/lib/cortex-m4/hard-float/no-interrupts/libnrf_cc310_bl_0.9.12.a(nrf_cc310_bl_hash.c.obj)
                0x0000000000006d08                nrf_cc310_bl_hash_update_internal
 .text.PkaDoubleMdf2Mdf
                0x0000000000006df8      0x1ac /home/frese/Documents/chester-app/nrfxlib/crypto/nrf_cc310_bl/lib/cortex-m4/hard-float/no-interrupts/libnrf_cc310_bl_0.9.12.a(pka_ec_wrst.c.obj)
                0x0000000000006df8                PkaDoubleMdf2Mdf
 .text.PkaDoubleMdf2Jcb
                0x0000000000006fa4      0x178 /home/frese/Documents/chester-app/nrfxlib/crypto/nrf_cc310_bl/lib/cortex-m4/hard-float/no-interrupts/libnrf_cc310_bl_0.9.12.a(pka_ec_wrst.c.obj)
                0x0000000000006fa4                PkaDoubleMdf2Jcb
 .text.PkaAddJcbAfn2Mdf
                0x000000000000711c      0x194 /home/frese/Documents/chester-app/nrfxlib/crypto/nrf_cc310_bl/lib/cortex-m4/hard-float/no-interrupts/libnrf_cc310_bl_0.9.12.a(pka_ec_wrst.c.obj)
                0x000000000000711c                PkaAddJcbAfn2Mdf
 .text.PkaJcb2Afn
                0x00000000000072b0       0xb0 /home/frese/Documents/chester-app/nrfxlib/crypto/nrf_cc310_bl/lib/cortex-m4/hard-float/no-interrupts/libnrf_cc310_bl_0.9.12.a(pka_ec_wrst.c.obj)
                0x00000000000072b0                PkaJcb2Afn
 .text.PkaAddAff
                0x0000000000007360      0x114 /home/frese/Documents/chester-app/nrfxlib/crypto/nrf_cc310_bl/lib/cortex-m4/hard-float/no-interrupts/libnrf_cc310_bl_0.9.12.a(pka_ec_wrst.c.obj)
                0x0000000000007360                PkaAddAff
 .text.PkaSum2ScalarMullt
                0x0000000000007474      0x1e4 /home/frese/Documents/chester-app/nrfxlib/crypto/nrf_cc310_bl/lib/cortex-m4/hard-float/no-interrupts/libnrf_cc310_bl_0.9.12.a(pka_ec_wrst.c.obj)
                0x0000000000007474                PkaSum2ScalarMullt
 .text.SaSi_HalClearInterruptBit
                0x0000000000007658        0xc /home/frese/Documents/chester-app/nrfxlib/crypto/nrf_cc310_bl/lib/cortex-m4/hard-float/no-interrupts/libnrf_cc310_bl_0.9.12.a(ssi_hal.c.obj)
                0x0000000000007658                SaSi_HalClearInterruptBit
 .text.SaSi_HalMaskInterrupt
                0x0000000000007664        0xc /home/frese/Documents/chester-app/nrfxlib/crypto/nrf_cc310_bl/lib/cortex-m4/hard-float/no-interrupts/libnrf_cc310_bl_0.9.12.a(ssi_hal.c.obj)
                0x0000000000007664                SaSi_HalMaskInterrupt
 .text.SaSi_HalWaitInterrupt
                0x0000000000007670       0x18 /home/frese/Documents/chester-app/nrfxlib/crypto/nrf_cc310_bl/lib/cortex-m4/hard-float/no-interrupts/libnrf_cc310_bl_0.9.12.a(ssi_hal.c.obj)
                0x0000000000007670                SaSi_HalWaitInterrupt
 .text._OffsetAbsSyms
                0x0000000000007688        0x2 zephyr/CMakeFiles/offsets.dir/./arch/arm/core/offsets/offsets.c.obj
                0x0000000000007688                _OffsetAbsSyms
 .text.flash_area_get_device_id
                0x000000000000768a        0x4 app/libapp.a(flash_map_extended.c.obj)
                0x000000000000768a                flash_area_get_device_id
 .text.flash_area_get_sector
                0x000000000000768e       0x32 app/libapp.a(flash_map_extended.c.obj)
                0x000000000000768e                flash_area_get_sector
 .text.os_heap_init
                0x00000000000076c0        0x2 app/libapp.a(os.c.obj)
                0x00000000000076c0                os_heap_init
 .text.bootutil_tlv_iter_begin
                0x00000000000076c2       0x9c app/libapp.a(tlv.c.obj)
                0x00000000000076c2                bootutil_tlv_iter_begin
 .text.bootutil_tlv_iter_next
                0x000000000000775e       0x98 app/libapp.a(tlv.c.obj)
                0x000000000000775e                bootutil_tlv_iter_next
 .text.bootutil_read_bigint
                0x00000000000077f6       0x58 app/libapp.a(image_ecdsa.c.obj)
 .text.boot_fih_memequal
                0x000000000000784e        0x4 app/libapp.a(bootutil_misc.c.obj)
                0x000000000000784e                boot_fih_memequal
 .text.boot_trailer_sz
                0x0000000000007852        0xa app/libapp.a(bootutil_misc.c.obj)
                0x0000000000007852                boot_trailer_sz
 .text.boot_status_off
                0x000000000000785c       0x16 app/libapp.a(bootutil_misc.c.obj)
                0x000000000000785c                boot_status_off
 .text.boot_read_swap_size
                0x0000000000007872       0x1c app/libapp.a(bootutil_misc.c.obj)
                0x0000000000007872                boot_read_swap_size
 .text.boot_write_swap_size
                0x000000000000788e       0x1e app/libapp.a(bootutil_misc.c.obj)
                0x000000000000788e                boot_write_swap_size
 .text.boot_read_image_headers
                0x00000000000078ac       0x2c app/libapp.a(loader.c.obj)
 .text.boot_read_image_size.constprop.0.isra.0
                0x00000000000078d8       0x82 app/libapp.a(loader.c.obj)
 .text.boot_read_sectors
                0x000000000000795a       0x42 app/libapp.a(loader.c.obj)
 .text.boot_status_reset
                0x000000000000799c       0x12 app/libapp.a(loader.c.obj)
                0x000000000000799c                boot_status_reset
 .text.boot_status_is_reset
                0x00000000000079ae       0x1a app/libapp.a(loader.c.obj)
                0x00000000000079ae                boot_status_is_reset
 .text.boot_write_status
                0x00000000000079c8       0x64 app/libapp.a(loader.c.obj)
                0x00000000000079c8                boot_write_status
 .text.boot_erase_region
                0x0000000000007a2c        0x4 app/libapp.a(loader.c.obj)
                0x0000000000007a2c                boot_erase_region
 .text.swap_erase_trailer_sectors
                0x0000000000007a30       0x6c app/libapp.a(swap_misc.c.obj)
                0x0000000000007a30                swap_erase_trailer_sectors
 .text.swap_status_init
                0x0000000000007a9c       0x3e app/libapp.a(swap_misc.c.obj)
                0x0000000000007a9c                swap_status_init
 .text.swap_read_status
                0x0000000000007ada       0x78 app/libapp.a(swap_misc.c.obj)
                0x0000000000007ada                swap_read_status
 .text.find_last_idx
                0x0000000000007b52       0x14 app/libapp.a(swap_move.c.obj)
                0x0000000000007b52                find_last_idx
 .text.boot_status_internal_off
                0x0000000000007b66       0x26 app/libapp.a(swap_move.c.obj)
                0x0000000000007b66                boot_status_internal_off
 .text.mbedtls_asn1_get_len
                0x0000000000007b8c       0x98 app/libapp.a(asn1parse.c.obj)
                0x0000000000007b8c                mbedtls_asn1_get_len
 .text.mbedtls_asn1_get_tag
                0x0000000000007c24       0x28 app/libapp.a(asn1parse.c.obj)
                0x0000000000007c24                mbedtls_asn1_get_tag
 .text.mbedtls_asn1_get_bitstring_null
                0x0000000000007c4c       0x28 app/libapp.a(asn1parse.c.obj)
                0x0000000000007c4c                mbedtls_asn1_get_bitstring_null
 .text.mbedtls_asn1_get_alg
                0x0000000000007c74       0x94 app/libapp.a(asn1parse.c.obj)
                0x0000000000007c74                mbedtls_asn1_get_alg
 .text.cc310_sha256_update
                0x0000000000007d08       0x36 app/libapp.a(cc310_glue.c.obj)
                0x0000000000007d08                cc310_sha256_update
 .text.arch_printk_char_out
                0x0000000000007d3e        0x4 zephyr/libzephyr.a(printk.c.obj)
                0x0000000000007d3e                arch_printk_char_out
 .text.printk   0x0000000000007d42       0x1a zephyr/libzephyr.a(printk.c.obj)
                0x0000000000007d42                printk
 .text.z_thread_entry
                0x0000000000007d5c       0x14 zephyr/libzephyr.a(thread_entry.c.obj)
                0x0000000000007d5c                z_thread_entry
 .text.process_recheck
                0x0000000000007d70       0x38 zephyr/libzephyr.a(onoff.c.obj)
 .text.validate_args
                0x0000000000007da8       0x20 zephyr/libzephyr.a(onoff.c.obj)
 .text.notify_one
                0x0000000000007dc8       0x2c zephyr/libzephyr.a(onoff.c.obj)
 .text.transition_complete
                0x0000000000007df4       0x1e zephyr/libzephyr.a(onoff.c.obj)
 .text.onoff_manager_init
                0x0000000000007e12       0x26 zephyr/libzephyr.a(onoff.c.obj)
                0x0000000000007e12                onoff_manager_init
 .text.onoff_request
                0x0000000000007e38       0xb0 zephyr/libzephyr.a(onoff.c.obj)
                0x0000000000007e38                onoff_request
 .text.sys_notify_validate
                0x0000000000007ee8       0x22 zephyr/libzephyr.a(notify.c.obj)
                0x0000000000007ee8                sys_notify_validate
 .text.sys_notify_finalize
                0x0000000000007f0a       0x1a zephyr/libzephyr.a(notify.c.obj)
                0x0000000000007f0a                sys_notify_finalize
 .text._ConfigAbsSyms
                0x0000000000007f24        0x2 zephyr/libzephyr.a(configs.c.obj)
                0x0000000000007f24                _ConfigAbsSyms
 .text.z_log_minimal_printk
                0x0000000000007f26       0x1a zephyr/libzephyr.a(log_minimal.c.obj)
                0x0000000000007f26                z_log_minimal_printk
 .text.flash_area_close
                0x0000000000007f40        0x2 zephyr/libzephyr.a(flash_map.c.obj)
                0x0000000000007f40                flash_area_close
 .text.flash_area_read
                0x0000000000007f42       0x2a zephyr/libzephyr.a(flash_map.c.obj)
                0x0000000000007f42                flash_area_read
 .text.flash_area_write
                0x0000000000007f6c       0x2a zephyr/libzephyr.a(flash_map.c.obj)
                0x0000000000007f6c                flash_area_write
 .text.flash_area_erase
                0x0000000000007f96       0x2c zephyr/libzephyr.a(flash_map.c.obj)
                0x0000000000007f96                flash_area_erase
 .text.flash_area_align
                0x0000000000007fc2        0xe zephyr/libzephyr.a(flash_map.c.obj)
                0x0000000000007fc2                flash_area_align
 .text.flash_area_erased_val
                0x0000000000007fd0        0xe zephyr/libzephyr.a(flash_map.c.obj)
                0x0000000000007fd0                flash_area_erased_val
 .text.get_sectors_cb
                0x0000000000007fde       0x44 zephyr/libzephyr.a(flash_map_layout.c.obj)
 .text.abort_function
                0x0000000000008022        0x8 zephyr/libzephyr.a(nrf_cc3xx_platform_abort_zephyr.c.obj)
 .text.z_arm_fatal_error
                0x000000000000802a        0x4 zephyr/arch/arch/arm/core/aarch32/libarch__arm__core__aarch32.a(fatal.c.obj)
                0x000000000000802a                z_arm_fatal_error
 .text.z_do_kernel_oops
                0x000000000000802e        0x8 zephyr/arch/arch/arm/core/aarch32/libarch__arm__core__aarch32.a(fatal.c.obj)
                0x000000000000802e                z_do_kernel_oops
 .text.z_irq_spurious
                0x0000000000008036        0x8 zephyr/arch/arch/arm/core/aarch32/libarch__arm__core__aarch32.a(irq_manage.c.obj)
                0x0000000000008036                z_irq_spurious
 .text.z_arm_nmi
                0x000000000000803e        0xe zephyr/arch/arch/arm/core/aarch32/libarch__arm__core__aarch32.a(nmi.c.obj)
                0x000000000000803e                z_arm_nmi
 .text.strlen   0x000000000000804c        0xe zephyr/lib/libc/minimal/liblib__libc__minimal.a(string.c.obj)
                0x000000000000804c                strlen
 .text.memcmp   0x000000000000805a       0x20 zephyr/lib/libc/minimal/liblib__libc__minimal.a(string.c.obj)
                0x000000000000805a                memcmp
 .text.memcpy   0x000000000000807a       0x16 zephyr/lib/libc/minimal/liblib__libc__minimal.a(string.c.obj)
                0x000000000000807a                memcpy
 .text.memset   0x0000000000008090       0x12 zephyr/lib/libc/minimal/liblib__libc__minimal.a(string.c.obj)
                0x0000000000008090                memset
 .text.get_status
                0x00000000000080a2       0x12 zephyr/drivers/clock_control/libdrivers__clock_control.a(clock_control_nrf.c.obj)
 .text.set_on_state
                0x00000000000080b4       0x26 zephyr/drivers/clock_control/libdrivers__clock_control.a(clock_control_nrf.c.obj)
 .text.stop     0x00000000000080da       0x52 zephyr/drivers/clock_control/libdrivers__clock_control.a(clock_control_nrf.c.obj)
 .text.api_stop
                0x000000000000812c        0x6 zephyr/drivers/clock_control/libdrivers__clock_control.a(clock_control_nrf.c.obj)
 .text.async_start
                0x0000000000008132       0x5c zephyr/drivers/clock_control/libdrivers__clock_control.a(clock_control_nrf.c.obj)
 .text.api_start
                0x000000000000818e        0xe zephyr/drivers/clock_control/libdrivers__clock_control.a(clock_control_nrf.c.obj)
 .text.onoff_started_callback
                0x000000000000819c       0x14 zephyr/drivers/clock_control/libdrivers__clock_control.a(clock_control_nrf.c.obj)
 .text.lfclk_start
                0x00000000000081b0        0x6 zephyr/drivers/clock_control/libdrivers__clock_control.a(clock_control_nrf.c.obj)
 .text.lfclk_stop
                0x00000000000081b6        0x6 zephyr/drivers/clock_control/libdrivers__clock_control.a(clock_control_nrf.c.obj)
 .text.blocking_start_callback
                0x00000000000081bc        0x6 zephyr/drivers/clock_control/libdrivers__clock_control.a(clock_control_nrf.c.obj)
 .text.z_impl_spi_transceive
                0x00000000000081c2        0xe zephyr/drivers/flash/libdrivers__flash.a(spi_flash_at45.c.obj)
 .text.spi_flash_at45_pages_layout
                0x00000000000081d0        0xc zephyr/drivers/flash/libdrivers__flash.a(spi_flash_at45.c.obj)
 .text.release.isra.0
                0x00000000000081dc        0x4 zephyr/drivers/flash/libdrivers__flash.a(spi_flash_at45.c.obj)
 .text.acquire.isra.0
                0x00000000000081e0        0xc zephyr/drivers/flash/libdrivers__flash.a(spi_flash_at45.c.obj)
 .text.spi_flash_at45_read
                0x00000000000081ec       0x76 zephyr/drivers/flash/libdrivers__flash.a(spi_flash_at45.c.obj)
 .text.spi_write_dt
                0x0000000000008262        0xe zephyr/drivers/flash/libdrivers__flash.a(spi_flash_at45.c.obj)
 .text.read_status_register.isra.0
                0x0000000000008270       0x48 zephyr/drivers/flash/libdrivers__flash.a(spi_flash_at45.c.obj)
 .text.wait_until_ready
                0x00000000000082b8       0x1c zephyr/drivers/flash/libdrivers__flash.a(spi_flash_at45.c.obj)
 .text.spi_flash_at45_write
                0x00000000000082d4       0xa2 zephyr/drivers/flash/libdrivers__flash.a(spi_flash_at45.c.obj)
 .text.perform_erase_op
                0x0000000000008376       0x40 zephyr/drivers/flash/libdrivers__flash.a(spi_flash_at45.c.obj)
 .text.is_regular_addr_valid
                0x00000000000083b6       0x22 zephyr/drivers/flash/libdrivers__flash.a(soc_flash_nrf.c.obj)
 .text.flash_nrf_read
                0x00000000000083d8       0x28 zephyr/drivers/flash/libdrivers__flash.a(soc_flash_nrf.c.obj)
 .text.flash_get_page_info
                0x0000000000008400       0x66 zephyr/drivers/flash/libdrivers__flash.a(flash_page_layout.c.obj)
 .text.z_impl_flash_get_page_info_by_offs
                0x0000000000008466        0x8 zephyr/drivers/flash/libdrivers__flash.a(flash_page_layout.c.obj)
                0x0000000000008466                z_impl_flash_get_page_info_by_offs
 .text.flash_page_foreach
                0x000000000000846e       0x58 zephyr/drivers/flash/libdrivers__flash.a(flash_page_layout.c.obj)
                0x000000000000846e                flash_page_foreach
 .text.gpio_nrfx_port_get_raw
                0x00000000000084c6        0xe zephyr/drivers/gpio/libdrivers__gpio.a(gpio_nrfx.c.obj)
 .text.gpio_nrfx_port_set_masked_raw
                0x00000000000084d4       0x18 zephyr/drivers/gpio/libdrivers__gpio.a(gpio_nrfx.c.obj)
 .text.gpio_nrfx_port_set_bits_raw
                0x00000000000084ec        0xc zephyr/drivers/gpio/libdrivers__gpio.a(gpio_nrfx.c.obj)
 .text.gpio_nrfx_port_clear_bits_raw
                0x00000000000084f8        0xc zephyr/drivers/gpio/libdrivers__gpio.a(gpio_nrfx.c.obj)
 .text.gpio_nrfx_port_toggle_bits
                0x0000000000008504       0x1a zephyr/drivers/gpio/libdrivers__gpio.a(gpio_nrfx.c.obj)
 .text.gpio_nrfx_manage_callback
                0x000000000000851e       0x52 zephyr/drivers/gpio/libdrivers__gpio.a(gpio_nrfx.c.obj)
 .text.pinctrl_lookup_state
                0x0000000000008570       0x26 zephyr/drivers/pinctrl/libdrivers__pinctrl.a(common.c.obj)
                0x0000000000008570                pinctrl_lookup_state
 .text.irq_connect1
                0x0000000000008596        0xa zephyr/drivers/spi/libdrivers__spi.a(spi_nrfx_spim.c.obj)
 .text.spi_context_get_next_buf.constprop.0
                0x00000000000085a0       0x26 zephyr/drivers/spi/libdrivers__spi.a(spi_nrfx_spim.c.obj)
 .text.gpio_pin_set_dt.isra.0
                0x00000000000085c6       0x28 zephyr/drivers/spi/libdrivers__spi.a(spi_nrfx_spim.c.obj)
 .text.spi_context_unlock_unconditionally
                0x00000000000085ee       0x30 zephyr/drivers/spi/libdrivers__spi.a(spi_nrfx_spim.c.obj)
 .text.spi_nrfx_release
                0x000000000000861e       0x24 zephyr/drivers/spi/libdrivers__spi.a(spi_nrfx_spim.c.obj)
 .text.spi_nrfx_init
                0x0000000000008642       0xc2 zephyr/drivers/spi/libdrivers__spi.a(spi_nrfx_spim.c.obj)
 .text.finish_transaction.isra.0
                0x0000000000008704       0x38 zephyr/drivers/spi/libdrivers__spi.a(spi_nrfx_spim.c.obj)
 .text.event_handler
                0x000000000000873c       0x98 zephyr/drivers/spi/libdrivers__spi.a(spi_nrfx_spim.c.obj)
 .text.spi_nrfx_wake_request
                0x00000000000087d4       0x50 zephyr/drivers/spi/libdrivers__spi.a(spi_nrfx_common.c.obj)
                0x00000000000087d4                spi_nrfx_wake_request
 .text.event_clear
                0x0000000000008824       0x18 zephyr/drivers/timer/libdrivers__timer.a(nrf_rtc_timer.c.obj)
 .text.sys_clock_cycle_get_32
                0x000000000000883c        0x8 zephyr/drivers/timer/libdrivers__timer.a(nrf_rtc_timer.c.obj)
                0x000000000000883c                sys_clock_cycle_get_32
 .text.fprotect_set_permission
                0x0000000000008844       0x7e modules/nrf/lib/fprotect/lib..__nrf__lib__fprotect.a(fprotect_acl.c.obj)
 .text.fprotect_area
                0x00000000000088c2        0x6 modules/nrf/lib/fprotect/lib..__nrf__lib__fprotect.a(fprotect_acl.c.obj)
                0x00000000000088c2                fprotect_area
 .text.k_sys_fatal_error_handler
                0x00000000000088c8        0x8 modules/nrf/lib/fatal_error/lib..__nrf__lib__fatal_error.a(fatal_error.c.obj)
                0x00000000000088c8                k_sys_fatal_error_handler
 .text.hw_cc3xx_init_internal
                0x00000000000088d0        0x4 modules/nrf/drivers/hw_cc310/lib..__nrf__drivers__hw_cc310.a(hw_cc310.c.obj)
 .text.hw_cc3xx_init
                0x00000000000088d4       0x12 modules/nrf/drivers/hw_cc310/lib..__nrf__drivers__hw_cc310.a(hw_cc310.c.obj)
 .text.boot_swap_info_off
                0x00000000000088e6        0xc modules/mcuboot/boot/bootutil/zephyr/libmcuboot_util.a(bootutil_public.c.obj)
                0x00000000000088e6                boot_swap_info_off
 .text.boot_magic_compatible_check
                0x00000000000088f2       0x1c modules/mcuboot/boot/bootutil/zephyr/libmcuboot_util.a(bootutil_public.c.obj)
                0x00000000000088f2                boot_magic_compatible_check
 .text.bootutil_buffer_is_erased
                0x000000000000890e       0x26 modules/mcuboot/boot/bootutil/zephyr/libmcuboot_util.a(bootutil_public.c.obj)
                0x000000000000890e                bootutil_buffer_is_erased
 .text.boot_read_flag
                0x0000000000008934       0x38 modules/mcuboot/boot/bootutil/zephyr/libmcuboot_util.a(bootutil_public.c.obj)
 .text.boot_write_trailer
                0x000000000000896c       0x58 modules/mcuboot/boot/bootutil/zephyr/libmcuboot_util.a(bootutil_public.c.obj)
                0x000000000000896c                boot_write_trailer
 .text.boot_write_trailer_flag
                0x00000000000089c4       0x14 modules/mcuboot/boot/bootutil/zephyr/libmcuboot_util.a(bootutil_public.c.obj)
                0x00000000000089c4                boot_write_trailer_flag
 .text.boot_write_image_ok
                0x00000000000089d8        0xe modules/mcuboot/boot/bootutil/zephyr/libmcuboot_util.a(bootutil_public.c.obj)
                0x00000000000089d8                boot_write_image_ok
 .text.boot_read_image_ok
                0x00000000000089e6        0xc modules/mcuboot/boot/bootutil/zephyr/libmcuboot_util.a(bootutil_public.c.obj)
                0x00000000000089e6                boot_read_image_ok
 .text.boot_read_swap_state_by_id
                0x00000000000089f2       0x28 modules/mcuboot/boot/bootutil/zephyr/libmcuboot_util.a(bootutil_public.c.obj)
                0x00000000000089f2                boot_read_swap_state_by_id
 .text.boot_write_swap_info
                0x0000000000008a1a       0x22 modules/mcuboot/boot/bootutil/zephyr/libmcuboot_util.a(bootutil_public.c.obj)
                0x0000000000008a1a                boot_write_swap_info
 .text.boot_write_copy_done
                0x0000000000008a3c       0x10 modules/mcuboot/boot/bootutil/zephyr/libmcuboot_util.a(bootutil_public.c.obj)
                0x0000000000008a3c                boot_write_copy_done
 .text.nrfx_isr
                0x0000000000008a4c        0x2 modules/hal_nordic/nrfx/libmodules__hal_nordic__nrfx.a(nrfx_glue.c.obj)
                0x0000000000008a4c                nrfx_isr
 .text.nrfx_busy_wait
                0x0000000000008a4e        0x4 modules/hal_nordic/nrfx/libmodules__hal_nordic__nrfx.a(nrfx_glue.c.obj)
                0x0000000000008a4e                nrfx_busy_wait
 .text.nrfx_clock_enable
                0x0000000000008a52       0x1a modules/hal_nordic/nrfx/libmodules__hal_nordic__nrfx.a(nrfx_clock.c.obj)
                0x0000000000008a52                nrfx_clock_enable
 .text.nrfx_clock_start
                0x0000000000008a6c       0x78 modules/hal_nordic/nrfx/libmodules__hal_nordic__nrfx.a(nrfx_clock.c.obj)
                0x0000000000008a6c                nrfx_clock_start
 .text.nrfx_clock_stop
                0x0000000000008ae4        0x4 modules/hal_nordic/nrfx/libmodules__hal_nordic__nrfx.a(nrfx_clock.c.obj)
                0x0000000000008ae4                nrfx_clock_stop
 .text.nrf_gpio_reconfigure
                0x0000000000008ae8       0x92 modules/hal_nordic/nrfx/libmodules__hal_nordic__nrfx.a(nrfx_gpiote.c.obj)
 .text.nrf_gpio_cfg_sense_set
                0x0000000000008b7a       0x1e modules/hal_nordic/nrfx/libmodules__hal_nordic__nrfx.a(nrfx_gpiote.c.obj)
 .text.nrfx_gpiote_in_event_get
                0x0000000000008b98       0x22 modules/hal_nordic/nrfx/libmodules__hal_nordic__nrfx.a(nrfx_gpiote.c.obj)
                0x0000000000008b98                nrfx_gpiote_in_event_get
 .text.nrfx_nvmc_flash_size_get
                0x0000000000008bba        0xc modules/hal_nordic/nrfx/libmodules__hal_nordic__nrfx.a(nrfx_nvmc.c.obj)
                0x0000000000008bba                nrfx_nvmc_flash_size_get
 .text.nrfx_nvmc_flash_page_size_get
                0x0000000000008bc6        0x8 modules/hal_nordic/nrfx/libmodules__hal_nordic__nrfx.a(nrfx_nvmc.c.obj)
                0x0000000000008bc6                nrfx_nvmc_flash_page_size_get
 .text.nrfx_nvmc_flash_page_count_get
                0x0000000000008bce        0x8 modules/hal_nordic/nrfx/libmodules__hal_nordic__nrfx.a(nrfx_nvmc.c.obj)
                0x0000000000008bce                nrfx_nvmc_flash_page_count_get
 .text.__nrfy_internal_spim_event_handle
                0x0000000000008bd6       0x2a modules/hal_nordic/nrfx/libmodules__hal_nordic__nrfx.a(nrfx_spim.c.obj)
 .text.__nrfy_internal_spim_events_process
                0x0000000000008c00       0x7c modules/hal_nordic/nrfx/libmodules__hal_nordic__nrfx.a(nrfx_spim.c.obj)
 .text.nrf_gpio_pin_set
                0x0000000000008c7c       0x1a modules/hal_nordic/nrfx/libmodules__hal_nordic__nrfx.a(nrfx_spim.c.obj)
 .text.nrf_gpio_pin_clear
                0x0000000000008c96       0x1a modules/hal_nordic/nrfx/libmodules__hal_nordic__nrfx.a(nrfx_spim.c.obj)
 .text.spim_abort
                0x0000000000008cb0       0x2c modules/hal_nordic/nrfx/libmodules__hal_nordic__nrfx.a(nrfx_spim.c.obj)
 .text.SEGGER_RTT_Init
                0x0000000000008cdc        0x4 modules/segger/libmodules__segger.a(SEGGER_RTT.c.obj)
                0x0000000000008cdc                SEGGER_RTT_Init
 .text.rtt_init
                0x0000000000008ce0        0xa modules/segger/libmodules__segger.a(SEGGER_RTT_zephyr.c.obj)
 .text.z_impl_k_busy_wait
                0x0000000000008cea        0x8 zephyr/kernel/libkernel.a(busy_wait.c.obj)
                0x0000000000008cea                z_impl_k_busy_wait
 .text.z_device_state_init
                0x0000000000008cf2        0x2 zephyr/kernel/libkernel.a(device.c.obj)
                0x0000000000008cf2                z_device_state_init
 .text.z_device_is_ready
                0x0000000000008cf4       0x16 zephyr/kernel/libkernel.a(device.c.obj)
                0x0000000000008cf4                z_device_is_ready
 .text.z_fatal_error
                0x0000000000008d0a       0x36 zephyr/kernel/libkernel.a(fatal.c.obj)
                0x0000000000008d0a                z_fatal_error
 .text.z_early_memset
                0x0000000000008d40        0x4 zephyr/kernel/libkernel.a(init.c.obj)
                0x0000000000008d40                z_early_memset
 .text.z_early_memcpy
                0x0000000000008d44        0x4 zephyr/kernel/libkernel.a(init.c.obj)
                0x0000000000008d44                z_early_memcpy
 .text.create_free_list
                0x0000000000008d48       0x2c zephyr/kernel/libkernel.a(mem_slab.c.obj)
 .text.k_mem_slab_init
                0x0000000000008d74       0x1c zephyr/kernel/libkernel.a(mem_slab.c.obj)
                0x0000000000008d74                k_mem_slab_init
 .text.k_mem_slab_free
                0x0000000000008d90       0x4c zephyr/kernel/libkernel.a(mem_slab.c.obj)
                0x0000000000008d90                k_mem_slab_free
 .text.k_is_in_isr
                0x0000000000008ddc        0xc zephyr/kernel/libkernel.a(thread.c.obj)
                0x0000000000008ddc                k_is_in_isr
 .text.idle     0x0000000000008de8       0x18 zephyr/kernel/libkernel.a(idle.c.obj)
                0x0000000000008de8                idle
 .text.adjust_owner_prio.isra.0
                0x0000000000008e00       0x10 zephyr/kernel/libkernel.a(mutex.c.obj)
 .text.z_impl_k_mutex_init
                0x0000000000008e10        0xe zephyr/kernel/libkernel.a(mutex.c.obj)
                0x0000000000008e10                z_impl_k_mutex_init
 .text.z_impl_k_sem_init
                0x0000000000008e1e       0x18 zephyr/kernel/libkernel.a(sem.c.obj)
                0x0000000000008e1e                z_impl_k_sem_init
 .text.sys_dlist_remove
                0x0000000000008e36       0x10 zephyr/kernel/libkernel.a(sched.c.obj)
 .text.unpend_thread_no_timeout
                0x0000000000008e46       0x14 zephyr/kernel/libkernel.a(sched.c.obj)
 .text.add_to_waitq_locked
                0x0000000000008e5a       0x50 zephyr/kernel/libkernel.a(sched.c.obj)
 .text.z_ready_thread
                0x0000000000008eaa       0x20 zephyr/kernel/libkernel.a(sched.c.obj)
                0x0000000000008eaa                z_ready_thread
 .text.z_sched_wake_thread
                0x0000000000008eca       0x44 zephyr/kernel/libkernel.a(sched.c.obj)
                0x0000000000008eca                z_sched_wake_thread
 .text.z_thread_timeout
                0x0000000000008f0e        0x8 zephyr/kernel/libkernel.a(sched.c.obj)
                0x0000000000008f0e                z_thread_timeout
 .text.z_unpend_first_thread
                0x0000000000008f16       0x38 zephyr/kernel/libkernel.a(sched.c.obj)
                0x0000000000008f16                z_unpend_first_thread
 .text.z_reschedule_irqlock
                0x0000000000008f4e       0x18 zephyr/kernel/libkernel.a(sched.c.obj)
                0x0000000000008f4e                z_reschedule_irqlock
 .text.z_reschedule_unlocked
                0x0000000000008f66       0x14 zephyr/kernel/libkernel.a(sched.c.obj)
 .text.z_abort_timeout
                0x0000000000008f7a       0x2c zephyr/kernel/libkernel.a(timeout.c.obj)
                0x0000000000008f7a                z_abort_timeout
 .text.sys_clock_tick_get_32
                0x0000000000008fa6        0x8 zephyr/kernel/libkernel.a(timeout.c.obj)
                0x0000000000008fa6                sys_clock_tick_get_32
 .text.nrf_cc310_bl_ecdsa_verify_secp256r1
                0x0000000000008fae       0x26 /home/frese/Documents/chester-app/nrfxlib/crypto/nrf_cc310_bl/lib/cortex-m4/hard-float/no-interrupts/libnrf_cc310_bl_0.9.12.a(nrf_cc310_bl_ecdsa_verify_secp256r1.c.obj)
                0x0000000000008fae                nrf_cc310_bl_ecdsa_verify_secp256r1
 .text.PkaInitAndMutexLock
                0x0000000000008fd4        0x8 /home/frese/Documents/chester-app/nrfxlib/crypto/nrf_cc310_bl/lib/cortex-m4/hard-float/no-interrupts/libnrf_cc310_bl_0.9.12.a(pka.c.obj)
                0x0000000000008fd4                PkaInitAndMutexLock
 .text.SaSi_PalMemCopy
                0x0000000000008fdc        0x4 /home/frese/Documents/chester-app/nrfxlib/crypto/nrf_cc310_bl/lib/cortex-m4/hard-float/no-interrupts/libnrf_cc310_bl_0.9.12.a(ssi_pal_mem.c.obj)
                0x0000000000008fdc                SaSi_PalMemCopy
 .text.SaSi_PalMemSet
                0x0000000000008fe0        0x4 /home/frese/Documents/chester-app/nrfxlib/crypto/nrf_cc310_bl/lib/cortex-m4/hard-float/no-interrupts/libnrf_cc310_bl_0.9.12.a(ssi_pal_mem.c.obj)
                0x0000000000008fe0                SaSi_PalMemSet
 .text.SaSi_PalMemSetZero
                0x0000000000008fe4        0x8 /home/frese/Documents/chester-app/nrfxlib/crypto/nrf_cc310_bl/lib/cortex-m4/hard-float/no-interrupts/libnrf_cc310_bl_0.9.12.a(ssi_pal_mem.c.obj)
                0x0000000000008fe4                SaSi_PalMemSetZero
 .text.CRYS_COMMON_ReverseMemcpy32
                0x0000000000008fec       0x1a /home/frese/Documents/chester-app/nrfxlib/crypto/nrf_cc310_bl/lib/cortex-m4/hard-float/no-interrupts/libnrf_cc310_bl_0.9.12.a(crys_common_conv_endian.c.obj)
                0x0000000000008fec                CRYS_COMMON_ReverseMemcpy32
 *(SORT_BY_ALIGNMENT(.TEXT.*))
 *(SORT_BY_ALIGNMENT(.gnu.linkonce.t.*))
 *(SORT_BY_ALIGNMENT(.glue_7t))
 .glue_7t       0x0000000000009006        0x0 linker stubs
 *(SORT_BY_ALIGNMENT(.glue_7))
 .glue_7        0x0000000000009006        0x0 linker stubs
 *(SORT_BY_ALIGNMENT(.vfp11_veneer))
 .vfp11_veneer  0x0000000000009006        0x0 linker stubs
 *(SORT_BY_ALIGNMENT(.v4_bx))
 .v4_bx         0x0000000000009006        0x0 linker stubs
                0x0000000000009008                . = ALIGN (0x4)
 *fill*         0x0000000000009006        0x2 
                0x0000000000009008                __text_region_end = .

.ARM.exidx      0x0000000000009008        0x8
                0x0000000000009008                __exidx_start = .
 *(SORT_BY_ALIGNMENT(.ARM.exidx*) SORT_BY_ALIGNMENT(gnu.linkonce.armexidx.*))
 .ARM.exidx     0x0000000000009008        0x8 /home/frese/.local/opt/zephyr-sdk-0.16.1/arm-zephyr-eabi/bin/../lib/gcc/arm-zephyr-eabi/12.2.0/thumb/v7e-m+fp/hard/libgcc.a(_udivmoddi4.o)
                0x0000000000009010                __exidx_end = .
                0x0000000000009010                __rodata_region_start = .

initlevel       0x0000000000009010       0x60
                0x0000000000009010                __init_start = .
                0x0000000000009010                __init_EARLY_start = .
 *(SORT_BY_NAME(SORT_BY_ALIGNMENT(.z_init_EARLY?_*)))
 *(SORT_BY_NAME(SORT_BY_ALIGNMENT(.z_init_EARLY??_*)))
                0x0000000000009010                __init_PRE_KERNEL_1_start = .
 *(SORT_BY_NAME(SORT_BY_ALIGNMENT(.z_init_PRE_KERNEL_1?_*)))
 .z_init_PRE_KERNEL_10_0_
                0x0000000000009010        0x8 zephyr/soc/soc/arm/nordic_nrf/nrf52/libsoc__arm__nordic_nrf__nrf52.a(soc.c.obj)
 *(SORT_BY_NAME(SORT_BY_ALIGNMENT(.z_init_PRE_KERNEL_1??_*)))
 .z_init_PRE_KERNEL_130_00073_
                0x0000000000009018        0x8 zephyr/drivers/clock_control/libdrivers__clock_control.a(clock_control_nrf.c.obj)
 .z_init_PRE_KERNEL_130_0_
                0x0000000000009020        0x8 modules/segger/libmodules__segger.a(SEGGER_RTT_zephyr.c.obj)
 .z_init_PRE_KERNEL_130_0_
                0x0000000000009028        0x8 zephyr/kernel/libkernel.a(mem_slab.c.obj)
 .z_init_PRE_KERNEL_140_00004_
                0x0000000000009030        0x8 zephyr/drivers/gpio/libdrivers__gpio.a(gpio_nrfx.c.obj)
 .z_init_PRE_KERNEL_140_00006_
                0x0000000000009038        0x8 zephyr/drivers/gpio/libdrivers__gpio.a(gpio_nrfx.c.obj)
 .z_init_PRE_KERNEL_140_0_
                0x0000000000009040        0x8 modules/nrf/drivers/hw_cc310/lib..__nrf__drivers__hw_cc310.a(hw_cc310.c.obj)
                0x0000000000009048                __init_PRE_KERNEL_2_start = .
 *(SORT_BY_NAME(SORT_BY_ALIGNMENT(.z_init_PRE_KERNEL_2?_*)))
 .z_init_PRE_KERNEL_20_0_
                0x0000000000009048        0x8 zephyr/drivers/timer/libdrivers__timer.a(nrf_rtc_timer.c.obj)
 *(SORT_BY_NAME(SORT_BY_ALIGNMENT(.z_init_PRE_KERNEL_2??_*)))
                0x0000000000009050                __init_POST_KERNEL_start = .
 *(SORT_BY_NAME(SORT_BY_ALIGNMENT(.z_init_POST_KERNEL?_*)))
 *(SORT_BY_NAME(SORT_BY_ALIGNMENT(.z_init_POST_KERNEL??_*)))
 .z_init_POST_KERNEL40_0_
                0x0000000000009050        0x8 modules/nrf/drivers/hw_cc310/lib..__nrf__drivers__hw_cc310.a(hw_cc310.c.obj)
 .z_init_POST_KERNEL50_00114_
                0x0000000000009058        0x8 zephyr/drivers/flash/libdrivers__flash.a(soc_flash_nrf.c.obj)
 .z_init_POST_KERNEL70_00145_
                0x0000000000009060        0x8 zephyr/drivers/spi/libdrivers__spi.a(spi_nrfx_spim.c.obj)
 .z_init_POST_KERNEL80_00146_
                0x0000000000009068        0x8 zephyr/drivers/flash/libdrivers__flash.a(spi_flash_at45.c.obj)
                0x0000000000009070                __init_APPLICATION_start = .
 *(SORT_BY_NAME(SORT_BY_ALIGNMENT(.z_init_APPLICATION?_*)))
 *(SORT_BY_NAME(SORT_BY_ALIGNMENT(.z_init_APPLICATION??_*)))
                0x0000000000009070                __init_SMP_start = .
 *(SORT_BY_NAME(SORT_BY_ALIGNMENT(.z_init_SMP?_*)))
 *(SORT_BY_NAME(SORT_BY_ALIGNMENT(.z_init_SMP??_*)))
                0x0000000000009070                __init_end = .

device_area     0x0000000000009070       0x78
                0x0000000000009070                _device_list_start = .
 *(SORT_BY_NAME(SORT_BY_ALIGNMENT(._device.static.*_?_*)))
 *(SORT_BY_NAME(SORT_BY_ALIGNMENT(._device.static.*_??_*)))
 ._device.static.1_30_
                0x0000000000009070       0x14 zephyr/drivers/clock_control/libdrivers__clock_control.a(clock_control_nrf.c.obj)
                0x0000000000009070                __device_dts_ord_73
 ._device.static.1_40_
                0x0000000000009084       0x28 zephyr/drivers/gpio/libdrivers__gpio.a(gpio_nrfx.c.obj)
                0x0000000000009084                __device_dts_ord_4
                0x0000000000009098                __device_dts_ord_6
 ._device.static.3_50_
                0x00000000000090ac       0x14 zephyr/drivers/flash/libdrivers__flash.a(soc_flash_nrf.c.obj)
                0x00000000000090ac                __device_dts_ord_114
 ._device.static.3_70_
                0x00000000000090c0       0x14 zephyr/drivers/spi/libdrivers__spi.a(spi_nrfx_spim.c.obj)
                0x00000000000090c0                __device_dts_ord_145
 ._device.static.3_80_
                0x00000000000090d4       0x14 zephyr/drivers/flash/libdrivers__flash.a(spi_flash_at45.c.obj)
                0x00000000000090d4                __device_dts_ord_146
                0x00000000000090e8                _device_list_end = .

sw_isr_table    0x00000000000090e8      0x180
                0x00000000000090e8                . = ALIGN (0x4)
 *(SORT_BY_ALIGNMENT(.gnu.linkonce.sw_isr_table*))
 .gnu.linkonce.sw_isr_table
                0x00000000000090e8      0x180 zephyr/CMakeFiles/zephyr_final.dir/isr_tables.c.obj
                0x00000000000090e8                _sw_isr_table

initlevel_error
                0x0000000000009010        0x0
 *(SORT_BY_NAME(SORT_BY_ALIGNMENT(.z_init_[_A-Z0-9]*)))
                0x0000000000000001                ASSERT ((SIZEOF (initlevel_error) == 0x0), Undefined initialization levels used.)

app_shmem_regions
                0x0000000000009268        0x0
                0x0000000000009268                __app_shmem_regions_start = .
 *(SORT_BY_NAME(SORT_BY_ALIGNMENT(.app_regions.*)))
                0x0000000000009268                __app_shmem_regions_end = .

k_p4wq_initparam_area
                0x0000000000009268        0x0
                0x0000000000009268                _k_p4wq_initparam_list_start = .
 *(SORT_BY_NAME(SORT_BY_ALIGNMENT(._k_p4wq_initparam.static.*)))
                0x0000000000009268                _k_p4wq_initparam_list_end = .

_static_thread_data_area
                0x0000000000009268        0x0
                0x0000000000009268                __static_thread_data_list_start = .
 *(SORT_BY_NAME(SORT_BY_ALIGNMENT(.__static_thread_data.static.*)))
                0x0000000000009268                __static_thread_data_list_end = .

device_deps     0x0000000000009268        0x0
                0x0000000000009268                __device_deps_start = .
 *(SORT_BY_NAME(SORT_BY_ALIGNMENT(.__device_deps_pass2*)))
                0x0000000000009268                __device_deps_end = .

ztest           0x0000000000009268        0x0
                0x0000000000009268                _ztest_expected_result_entry_list_start = .
 *(SORT_BY_NAME(SORT_BY_ALIGNMENT(._ztest_expected_result_entry.static.*)))
                0x0000000000009268                _ztest_expected_result_entry_list_end = .
                0x0000000000009268                _ztest_suite_node_list_start = .
 *(SORT_BY_NAME(SORT_BY_ALIGNMENT(._ztest_suite_node.static.*)))
                0x0000000000009268                _ztest_suite_node_list_end = .
                0x0000000000009268                _ztest_unit_test_list_start = .
 *(SORT_BY_NAME(SORT_BY_ALIGNMENT(._ztest_unit_test.static.*)))
                0x0000000000009268                _ztest_unit_test_list_end = .
                0x0000000000009268                _ztest_test_rule_list_start = .
 *(SORT_BY_NAME(SORT_BY_ALIGNMENT(._ztest_test_rule.static.*)))
                0x0000000000009268                _ztest_test_rule_list_end = .

bt_l2cap_fixed_chan_area
                0x0000000000009268        0x0
                0x0000000000009268                _bt_l2cap_fixed_chan_list_start = .
 *(SORT_BY_NAME(SORT_BY_ALIGNMENT(._bt_l2cap_fixed_chan.static.*)))
                0x0000000000009268                _bt_l2cap_fixed_chan_list_end = .

bt_gatt_service_static_area
                0x0000000000009268        0x0
                0x0000000000009268                _bt_gatt_service_static_list_start = .
 *(SORT_BY_NAME(SORT_BY_ALIGNMENT(._bt_gatt_service_static.static.*)))
                0x0000000000009268                _bt_gatt_service_static_list_end = .

log_strings_area
                0x0000000000009268        0x0
                0x0000000000009268                _log_strings_list_start = .
 *(SORT_BY_NAME(SORT_BY_ALIGNMENT(._log_strings.static.*)))
                0x0000000000009268                _log_strings_list_end = .

log_const_area  0x0000000000009268       0x78
                0x0000000000009268                _log_const_list_start = .
 *(SORT_BY_NAME(SORT_BY_ALIGNMENT(._log_const.static.*)))
 ._log_const.static.log_const_NRFX_CLOCK_
                0x0000000000009268        0x8 modules/hal_nordic/nrfx/libmodules__hal_nordic__nrfx.a(nrfx_clock.c.obj)
                0x0000000000009268                log_const_NRFX_CLOCK
 ._log_const.static.log_const_NRFX_GPIOTE_
                0x0000000000009270        0x8 modules/hal_nordic/nrfx/libmodules__hal_nordic__nrfx.a(nrfx_gpiote.c.obj)